#
# A fatal error has been detected by the Java Runtime Environment:
#
#  EXCEPTION_ACCESS_VIOLATION (0xc0000005) at pc=0x00007ff91980f47c, pid=12412, tid=196
#
# JRE version: OpenJDK Runtime Environment (25.0.2+10) (build 25.0.2+10-69)
# Java VM: OpenJDK 64-Bit Server VM (25.0.2+10-69, mixed mode, sharing, tiered, compressed oops, compressed class ptrs, g1 gc, windows-amd64)
# Problematic frame:
# C  [awt.dll+0xdf47c]
#
# No core dump will be written. Minidumps are not enabled by default on client versions of Windows
#
# If you would like to submit a bug report, please visit:
#   https://bugreport.java.com/bugreport/crash.jsp
# The crash happened outside the Java Virtual Machine in native code.
# See problematic frame for where to report the bug.
#

---------------  S U M M A R Y ------------

Command Line: -javaagent:C:\Program Files\JetBrains\IntelliJ IDEA 2025.3.2\lib\idea_rt.jar=51708 -Dfile.encoding=UTF-8 -Dsun.stdout.encoding=UTF-8 -Dsun.stderr.encoding=UTF-8 Main

Host: 13th Gen Intel(R) Core(TM) i7-13650HX, 20 cores, 15G,  Windows 11 , 64 bit Build 26100 (10.0.26100.7705)
Time: Mon Feb 16 06:58:30 2026 Türkiye Standard Time elapsed time: 46614.291464 seconds (0d 12h 56m 54s)

---------------  T H R E A D  ---------------

Current thread (0x00000264c21a5510):  JavaThread "AWT-Windows" daemon [_thread_in_native, id=196, stack(0x000000dadbe00000,0x000000dadbf00000) (1024K)]

Stack: [0x000000dadbe00000,0x000000dadbf00000],  sp=0x000000dadbefea30,  free space=1018k
Native frames: (J=compiled Java code, j=interpreted, Vv=VM code, C=native code)
C  [awt.dll+0xdf47c]  (no source info available)
C  [awt.dll+0x98b8b]  (no source info available)
C  [awt.dll+0x98bd6]  (no source info available)
C  [awt.dll+0x95f59]  (no source info available)
C  [awt.dll+0xe386b]  (no source info available)
C  [awt.dll+0xb2f7d]  (no source info available)
C  [awt.dll+0x99110]  (no source info available)
C  [USER32.dll+0x16b46]  (no source info available)
C  [USER32.dll+0x1660c]  (no source info available)
C  [awt.dll+0x16613]  (no source info available)
C  [COMCTL32.dll+0x2cec8]  (no source info available)
C  [COMCTL32.dll+0x2cc9f]  (no source info available)
C  [USER32.dll+0x16b46]  (no source info available)
C  [USER32.dll+0x1459d]  (no source info available)
C  [awt.dll+0xd84ce]  (no source info available)
C  [awt.dll+0xda3f2]  (no source info available)
C  0x00000264ad1dd193  (no source info available)

The last pc belongs to native method entry point (kind = native) (printed below).
Java frames: (J=compiled Java code, j=interpreted, Vv=VM code)
j  sun.awt.windows.WToolkit.eventLoop()V+0 java.desktop@25.0.2
j  sun.awt.windows.WToolkit.run()V+56 java.desktop@25.0.2
j  java.lang.Thread.runWith(Ljava/lang/Object;Ljava/lang/Runnable;)V+5 java.base@25.0.2
j  java.lang.Thread.run()V+19 java.base@25.0.2
v  ~StubRoutines::call_stub 0x00000264ad1d12ed

siginfo: EXCEPTION_ACCESS_VIOLATION (0xc0000005), reading address 0x0000000000000004


Registers:
RAX=0x00000264bdb6c2b0, RBX=0x00000264bdbf3800, RCX=0x0000000000000000, RDX=0x0000000000000000
RSP=0x000000dadbefea30, RBP=0x000000dadbefeb49, RSI=0x00000264c257f7a0, RDI=0x0000000000000000
R8 =0x0000000000000001, R9 =0x000000dada18a000, R10=0x0000000000000000, R11=0x0000000000000246
R12=0x0000000000000000, R13=0x0000000000000001, R14=0x00000264c257f7a0, R15=0x0000000000000000
RIP=0x00007ff91980f47c, EFLAGS=0x0000000000010246

XMM[0]=0x0000000000000000 0x0000000000000000
XMM[1]=0x0000000000000000 0x0000000000000000
XMM[2]=0x0000000000000000 0x0000000000000000
XMM[3]=0x0000000000000000 0x0000000000000000
XMM[4]=0x0000000000000000 0x0000000000000000
XMM[5]=0x0000000000000000 0x0000000000000000
XMM[6]=0x0000000000000000 0x0000000000000000
XMM[7]=0x0000000000000000 0x0000000000000000
XMM[8]=0x0000000000000000 0x0000000000000000
XMM[9]=0x0000000000000000 0x0000000000000000
XMM[10]=0x0000000000000000 0x0000000000000000
XMM[11]=0x0000000000000000 0x0000000000000000
XMM[12]=0x0000000000000000 0x0000000000000000
XMM[13]=0x0000000000000000 0x0000000000000000
XMM[14]=0x0000000000000000 0x0000000000000000
XMM[15]=0x0000000000000000 0x0000000000000000
  MXCSR=0x00001fa0


Register to memory mapping:

RAX=0x00000264bdb6c2b0 points into unknown readable memory: 0x0000000000000000 | 00 00 00 00 00 00 00 00
RBX=0x00000264bdbf3800 points into unknown readable memory: 0x00000264c252efa0 | a0 ef 52 c2 64 02 00 00
RCX=0x0 is null
RDX=0x0 is null
RSP=0x000000dadbefea30 is pointing into the stack for thread: 0x00000264c21a5510
RBP=0x000000dadbefeb49 is pointing into the stack for thread: 0x00000264c21a5510
RSI=0x00000264c257f7a0 points into unknown readable memory: 0x00007ff91983e930 | 30 e9 83 19 f9 7f 00 00
RDI=0x0 is null
R8 =0x0000000000000001 is an unknown value
R9 =0x000000dada18a000 points into unknown readable memory: 0x0000000000000000 | 00 00 00 00 00 00 00 00
R10=0x0 is null
R11=0x0000000000000246 is an unknown value
R12=0x0 is null
R13=0x0000000000000001 is an unknown value
R14=0x00000264c257f7a0 points into unknown readable memory: 0x00007ff91983e930 | 30 e9 83 19 f9 7f 00 00
R15=0x0 is null

Top of Stack: (sp=0x000000dadbefea30)
0x000000dadbefea30:   00007ff91986c838 0000000000000000   8...............
0x000000dadbefea40:   0000000000000000 00000264c257f7a0   ..........W.d...
0x000000dadbefea50:   0000000000000000 00007ff9197c8b8b   ..........|.....
0x000000dadbefea60:   0000000000000000 00000264bdbf3800   .........8..d...
0x000000dadbefea70:   00000264bdbf3800 0000000000000000   .8..d...........
0x000000dadbefea80:   00000264c21a5958 00007ff9197c8bd6   XY..d.....|.....
0x000000dadbefea90:   00000264c257f840 0000000000000001   @.W.d...........
0x000000dadbefeaa0:   0000000000000000 0000000000000000   ................
0x000000dadbefeab0:   00000264c21a5958 00007ff9197c5f59   XY..d...Y_|.....
0x000000dadbefeac0:   00000264c257f840 000000dadbefeba4   @.W.d...........
0x000000dadbefead0:   0000000000000000 0000000000000000   ................
0x000000dadbefeae0:   00007ff9197c90b0 00007ff981a1a3ee   ..|.............
0x000000dadbefeaf0:   0000000000000001 00007ff97fcefcf9   ................
0x000000dadbefeb00:   000000da00000310 0000000000000000   ................
0x000000dadbefeb10:   000000dadbefeba4 0000000000000000   ................
0x000000dadbefeb20:   0000000000000000 0000000000000000   ................
0x000000dadbefeb30:   00000264c257f840 00000264c21a5958   @.W.d...XY..d...
0x000000dadbefeb40:   0000000000000000 0000000000000000   ................
0x000000dadbefeb50:   0000472f696b47a3 0000000000000000   .Gki/G..........
0x000000dadbefeb60:   0000000000000000 0000000000000000   ................
0x000000dadbefeb70:   0000000000000000 0000000000000000   ................
0x000000dadbefeb80:   0000000000000000 0000000000000310   ................
0x000000dadbefeb90:   0000000000000000 00000264c257f7a0   ..........W.d...
0x000000dadbefeba0:   00000264c257f7a0 00007ff91981386b   ..W.d...k8......
0x000000dadbefebb0:   0000000000000000 0000c860057794c4   ..........w.`...
0x000000dadbefebc0:   00002d78efc8679c 0000000000000022   .g..x-..".......
0x000000dadbefebd0:   000000000000c1d5 0000000000000000   ................
0x000000dadbefebe0:   0000000000000000 00007ff97fcc6d19   .........m......
0x000000dadbefebf0:   0000000000000000 0000000000000001   ................
0x000000dadbefec00:   0000000000000022 00007ff981a0a6af   "...............
0x000000dadbefec10:   000000000048068e 00007ff97fcc802a   ..H.....*.......
0x000000dadbefec20:   ffffffffffffffeb 0000472f696b46d3   .........Fki/G..

Instructions: (pc=0x00007ff91980f47c)
  0x00007ff91980f37c:   ea 01 75 f1 45 85 ff 7e 11 4d 8b c7 33 d2 49 c1
  0x00007ff91980f38c:   e0 02 49 8b ce e8 f2 03 01 00 48 8b 03 45 33 c9
  0x00007ff91980f39c:   4d 8b c6 48 8b d5 48 8b cb 4c 8b 90 f8 06 00 00
  0x00007ff91980f3ac:   41 ff d2 48 8b 03 45 33 c9 4c 8b c6 49 8b d4 48
  0x00007ff91980f3bc:   8b cb 4c 8b 90 f8 06 00 00 41 ff d2 4c 8b 05 91
  0x00007ff91980f3cc:   a0 06 00 48 8b cb 48 8b 15 67 a0 06 00 e8 12 d8
  0x00007ff91980f3dc:   fb ff e9 57 ff ff ff 48 8d 15 4e 36 03 00 48 8b
  0x00007ff91980f3ec:   cb e8 d3 cc 00 00 e9 52 ff ff ff cc cc cc cc cc
  0x00007ff91980f3fc:   cc cc cc cc 48 89 5c 24 08 57 48 83 ec 20 8b f9
  0x00007ff91980f40c:   e8 9f 8f f4 ff 48 8b d8 48 89 44 24 38 41 b8 01
  0x00007ff91980f41c:   00 00 00 8b d7 48 8b c8 e8 f7 8e f4 ff 48 8b c8
  0x00007ff91980f42c:   e8 5f fd ff ff 90 48 8b cb e8 36 91 f4 ff 90 48
  0x00007ff91980f43c:   8b 5c 24 30 48 83 c4 20 5f c3 cc cc cc cc cc cc
  0x00007ff91980f44c:   cc cc cc cc 48 89 5c 24 08 57 48 83 ec 20 8b f9
  0x00007ff91980f45c:   e8 4f 8f f4 ff 48 8b d8 48 89 44 24 38 41 b8 01
  0x00007ff91980f46c:   00 00 00 8b d7 48 8b c8 e8 a7 8e f4 ff 48 8b 08
=>0x00007ff91980f47c:   83 79 04 08 7e 04 33 ff eb 0b 48 8b 48 08 e8 01
  0x00007ff91980f48c:   75 fe ff 8b f8 48 8b cb e8 d7 90 f4 ff 90 8b c7
  0x00007ff91980f49c:   48 8b 5c 24 30 48 83 c4 20 5f c3 cc cc cc cc cc
  0x00007ff91980f4ac:   cc cc cc cc 48 89 5c 24 08 48 89 74 24 10 48 89
  0x00007ff91980f4bc:   7c 24 18 41 56 48 83 ec 30 41 8b f9 45 8b f0 48
  0x00007ff91980f4cc:   8b f2 48 8b d9 e8 8a 7e 00 00 e8 a5 ab ff ff 8b
  0x00007ff91980f4dc:   44 24 68 89 44 24 20 44 8b 4c 24 60 44 8b c7 41
  0x00007ff91980f4ec:   8b d6 48 8b cb e8 0a e6 ff ff 48 8b f8 48 85 c0
  0x00007ff91980f4fc:   0f 84 8e 00 00 00 48 8b 03 4c 8b 80 f8 00 00 00
  0x00007ff91980f50c:   48 8b d6 48 8b cb 41 ff d0 48 8b d0 48 8b cb 48
  0x00007ff91980f51c:   85 c0 75 0e 48 8d 15 99 36 03 00 e8 99 cb 00 00
  0x00007ff91980f52c:   eb 62 48 8b 03 4c 8b 90 08 01 00 00 4c 8d 0d a9
  0x00007ff91980f53c:   36 03 00 4c 8d 05 ba 36 03 00 41 ff d2 48 8b cb
  0x00007ff91980f54c:   48 85 c0 75 1d 48 8b 03 48 8b 90 88 00 00 00 ff
  0x00007ff91980f55c:   d2 48 8d 15 a4 36 03 00 48 8b cb e8 59 cb 00 00
  0x00007ff91980f56c:   eb 22 4c 8b cf 4c 8b c0 48 8b d6 e8 24 b8 fa ff


Stack slot to memory mapping:

stack at sp + 0 slots: 0x00007ff91986c838 awt.dll
stack at sp + 1 slots: 0x0 is null
stack at sp + 2 slots: 0x0 is null
stack at sp + 3 slots: 0x00000264c257f7a0 points into unknown readable memory: 0x00007ff91983e930 | 30 e9 83 19 f9 7f 00 00
stack at sp + 4 slots: 0x0 is null
stack at sp + 5 slots: 0x00007ff9197c8b8b awt.dll
stack at sp + 6 slots: 0x0 is null
stack at sp + 7 slots: 0x00000264bdbf3800 points into unknown readable memory: 0x00000264c252efa0 | a0 ef 52 c2 64 02 00 00

Lock stack of current Java thread (top to bottom):

native method entry point (kind = native)  [0x00000264ad1dcdc0, 0x00000264ad1dd8b8]  2808 bytes
[MachCode]
  0x00000264ad1dcdc0: 488b 4b08 | 0fb7 492e | 584c 8d74 | ccf8 6800 | 0000 0068 | 0000 0000 | 5055 488b | ec41 5548 
  0x00000264ad1dcde0: 8b43 084c | 8d68 3848 | 8b40 0868 | 0000 0000 | 5348 8b50 | 1848 8b52 | 7048 8b12 | 5248 8b53 
  0x00000264ad1dce00: 1048 85d2 | 7407 4881 | c2d0 0000 | 0052 488b | 5010 5249 | 8bc6 482b | c548 c1e8 | 0350 6800 
  0x00000264ad1dce20: 0000 0068 | f7ff ffff | 41c6 87f1 | 0400 0001 | 488b 4310 | 4885 c074 | 208b 8890 | 0000 0083 
  0x00000264ad1dce40: c102 8988 | 9000 0000 | 2388 a400 | 0000 0f84 | b209 0000 | e9cf 0000 | 0048 8b43 | 1848 85c0 
  0x00000264ad1dce60: 0f85 b000 | 0000 e805 | 0000 00e9 | 9900 0000 | 488b d348 | 8d44 2408 | 4c89 6dc0 | 498b cfc5 
  0x00000264ad1dce80: f877 4989 | af38 0400 | 0049 8987 | 2804 0000 | 4883 ec20 | 40f6 c40f | 0f84 1900 | 0000 4883 
  0x00000264ad1dcea0: ec08 48b8 | 4022 26de | f87f 0000 | ffd0 4883 | c408 e90c | 0000 0048 | b840 2226 | def8 7f00 
  0x00000264ad1dcec0: 00ff d048 | 83c4 2049 | c787 2804 | 0000 0000 | 0000 49c7 | 8738 0400 | 0000 0000 | 0049 c787 
  0x00000264ad1dcee0: 3004 0000 | 0000 0000 | c5f8 7749 | 837f 0800 | 0f84 0500 | 0000 e9e5 | 42ff ff4c | 8b6d c04c 
  0x00000264ad1dcf00: 8b75 c84e | 8d74 f500 | c348 8b43 | 1848 85c0 | 0f84 1200 | 0000 8b48 | 0883 c102 | 8948 0823 
  0x00000264ad1dcf20: 482c 0f84 | de08 0000 | 493b a770 | 0500 000f | 8748 0000 | 0089 8424 | 00f0 ffff | 8984 2400 
  0x00000264ad1dcf40: e0ff ff89 | 8424 00d0 | ffff 8984 | 2400 c0ff | ff89 8424 | 00b0 ffff | 8984 2400 | a0ff ff89 
  0x00000264ad1dcf60: 8424 0090 | ffff 8984 | 2400 80ff | ff49 3ba7 | 6805 0000 | 7607 4989 | a770 0500 | 0041 c687 
  0x00000264ad1dcf80: f104 0000 | 0048 8b5d | e84c 8b5b | 0845 0fb7 | 5b2e 41c1 | e303 492b | e348 83ec | 2048 83e4 
  0x00000264ad1dcfa0: f04c 8b5b | 604d 85db | 0f85 ab00 | 0000 e805 | 0000 00e9 | 9900 0000 | 488b d348 | 8d44 2408 
  0x00000264ad1dcfc0: 4c89 6dc0 | 498b cfc5 | f877 4989 | af38 0400 | 0049 8987 | 2804 0000 | 4883 ec20 | 40f6 c40f 
  0x00000264ad1dcfe0: 0f84 1900 | 0000 4883 | ec08 48b8 | 704b 26de | f87f 0000 | ffd0 4883 | c408 e90c | 0000 0048 
  0x00000264ad1dd000: b870 4b26 | def8 7f00 | 00ff d048 | 83c4 2049 | c787 2804 | 0000 0000 | 0000 49c7 | 8738 0400 
  0x00000264ad1dd020: 0000 0000 | 0049 c787 | 3004 0000 | 0000 0000 | c5f8 7749 | 837f 0800 | 0f84 0500 | 0000 e99d 
  0x00000264ad1dd040: 41ff ff4c | 8b6d c04c | 8b75 c84e | 8d74 f500 | c348 8b5d | e84c 8b5b | 6041 ffd3 | 488b 5de8 
  0x00000264ad1dd060: 4889 4518 | 440f b75b | 2c41 f6c3 | 080f 841b | 0000 004c | 8b5b 084d | 8b5b 084d | 8b5b 184d 
  0x00000264ad1dd080: 8b5b 704d | 8b1b 4c89 | 5d10 488d | 5510 488b | 4358 49ba | 4015 61de | f87f 0000 | 493b c20f 
  0x00000264ad1dd0a0: 85ab 0000 | 00e8 0500 | 0000 e999 | 0000 0048 | 8bd3 488d | 4424 084c | 896d c049 | 8bcf c5f8 
  0x00000264ad1dd0c0: 7749 89af | 3804 0000 | 4989 8728 | 0400 0048 | 83ec 2040 | f6c4 0f0f | 8419 0000 | 0048 83ec 
  0x00000264ad1dd0e0: 0848 b870 | 4b26 def8 | 7f00 00ff | d048 83c4 | 08e9 0c00 | 0000 48b8 | 704b 26de | f87f 0000 
  0x00000264ad1dd100: ffd0 4883 | c420 49c7 | 8728 0400 | 0000 0000 | 0049 c787 | 3804 0000 | 0000 0000 | 49c7 8730 
  0x00000264ad1dd120: 0400 0000 | 0000 00c5 | f877 4983 | 7f08 000f | 8405 0000 | 00e9 a640 | ffff 4c8b | 6dc0 4c8b 
  0x00000264ad1dd140: 75c8 4e8d | 74f5 00c3 | 488b 5de8 | 488b 4358 | 498d 8f48 | 0400 004c | 8d15 d500 | 0000 4d89 
  0x00000264ad1dd160: 9730 0400 | 00c5 f877 | 4989 af38 | 0400 0049 | 89a7 2804 | 0000 41c7 | 87d4 0400 | 0004 0000 
  0x00000264ad1dd180: 0049 3ba7 | c805 0000 | 7607 4989 | a7c8 0500 | 00ff d049 | 3ba7 c805 | 0000 720b | 49c7 87c8 
  0x00000264ad1dd1a0: 0500 0000 | 0000 00c5 | f877 4883 | ec10 c5fb | 1104 2448 | 83ec 1048 | 8904 2448 | c744 2408 
  0x00000264ad1dd1c0: 0000 0000 | 41c7 87d4 | 0400 0005 | 0000 00f0 | 8344 24c0 | 0049 3b6f | 280f 870e | 0000 0041 
  0x00000264ad1dd1e0: 83bf d004 | 0000 000f | 8420 0000 | 0049 8bcf | 4c8b e448 | 83ec 2048 | 83e4 f048 | b8a0 af27 
  0x00000264ad1dd200: def8 7f00 | 00ff d049 | 8be4 4d33 | e441 c787 | d404 0000 | 0800 0000 | 4d8b 97f0 | 0500 0049 
  0x00000264ad1dd220: 83fa 0074 | 3549 c787 | f005 0000 | 0000 0000 | 41ff e249 | ba60 be1d | ad64 0200 | 0041 ffd2 
  0x00000264ad1dd240: 4883 ec10 | c5fb 1104 | 2448 83ec | 1048 8904 | 2448 c744 | 2408 0000 | 0000 49c7 | 8728 0400 
  0x00000264ad1dd260: 0000 0000 | 0049 c787 | 3804 0000 | 0000 0000 | 49c7 8730 | 0400 0000 | 0000 00c5 | f877 4d8b 
  0x00000264ad1dd280: 9fb8 0400 | 0041 c783 | 0001 0000 | 0000 0000 | 49bb 5aa7 | 1dad 6402 | 0000 4c3b | 5d18 0f85 
  0x00000264ad1dd2a0: 5501 0000 | 488b 0424 | 4883 c410 | 4885 c00f | 842f 0100 | 00a8 030f | 8508 0000 | 0048 8b00 
  0x00000264ad1dd2c0: e91f 0100 | 00a8 010f | 8509 0000 | 0048 8b40 | fee9 0e01 | 0000 488b | 40ff 4180 | 7f48 000f 
  0x00000264ad1dd2e0: 84ff 0000 | 0048 83f8 | 000f 84f5 | 0000 004d | 8b5f 384d | 85db 0f84 | 1400 0000 | 4983 eb08 
  0x00000264ad1dd300: 4d89 5f38 | 4d03 5f40 | 4989 03e9 | d400 0000 | 4883 ec70 | 4889 0424 | 4889 4c24 | 0848 8954 
  0x00000264ad1dd320: 2410 4c89 | 4424 184c | 894c 2420 | 4c89 5424 | 284c 895c | 2430 c5fb | 1144 2440 | c5fb 114c 
  0x00000264ad1dd340: 2448 c5fb | 1154 2450 | c5fb 115c | 2458 c5fb | 1164 2460 | c5fb 116c | 2468 498b | d748 8bc8 
  0x00000264ad1dd360: 4883 ec20 | 40f6 c40f | 0f84 1900 | 0000 4883 | ec08 48b8 | 2077 1ade | f87f 0000 | ffd0 4883 
  0x00000264ad1dd380: c408 e90c | 0000 0048 | b820 771a | def8 7f00 | 00ff d048 | 83c4 20c5 | fb10 6c24 | 68c5 fb10 
  0x00000264ad1dd3a0: 6424 60c5 | fb10 5c24 | 58c5 fb10 | 5424 50c5 | fb10 4c24 | 48c5 fb10 | 4424 404c | 8b5c 2430 
  0x00000264ad1dd3c0: 4c8b 5424 | 284c 8b4c | 2420 4c8b | 4424 1848 | 8b54 2410 | 488b 4c24 | 0848 8b04 | 2448 83c4 
  0x00000264ad1dd3e0: 70c5 f877 | 4889 4510 | 4883 ec10 | 4889 0424 | 48c7 4424 | 0800 0000 | 0041 83bf | 5005 0000 
  0x00000264ad1dd400: 020f 85bf | 0000 0048 | 81ec 8000 | 0000 4889 | 4424 7848 | 894c 2470 | 4889 5424 | 6848 895c 
  0x00000264ad1dd420: 2460 4889 | 6c24 5048 | 8974 2448 | 4889 7c24 | 404c 8944 | 2438 4c89 | 4c24 304c | 8954 2428 
  0x00000264ad1dd440: 4c89 5c24 | 204c 8964 | 2418 4c89 | 6c24 104c | 8974 2408 | 4c89 3c24 | 4c8b e448 | 83ec 2048 
  0x00000264ad1dd460: 83e4 f048 | b8b0 fc60 | def8 7f00 | 00ff d049 | 8be4 4c8b | 3c24 4c8b | 7424 084c | 8b6c 2410 
  0x00000264ad1dd480: 4c8b 6424 | 184c 8b5c | 2420 4c8b | 5424 284c | 8b4c 2430 | 4c8b 4424 | 3848 8b7c | 2440 488b 
  0x00000264ad1dd4a0: 7424 4848 | 8b6c 2450 | 488b 5c24 | 6048 8b54 | 2468 488b | 4c24 7048 | 8b44 2478 | 4881 c480 
  0x00000264ad1dd4c0: 0000 004d | 33e4 488b | 5de8 4c8b | 6b08 4d8d | 6d38 4983 | 7f08 000f | 84bb 0000 | 00e8 0500 
  0x00000264ad1dd4e0: 0000 e996 | 0000 0048 | 8d44 2408 | 4c89 6dc0 | 498b cfc5 | f877 4989 | af38 0400 | 0049 8987 
  0x00000264ad1dd500: 2804 0000 | 4883 ec20 | 40f6 c40f | 0f84 1900 | 0000 4883 | ec08 48b8 | b069 26de | f87f 0000 
  0x00000264ad1dd520: ffd0 4883 | c408 e90c | 0000 0048 | b8b0 6926 | def8 7f00 | 00ff d048 | 83c4 2049 | c787 2804 
  0x00000264ad1dd540: 0000 0000 | 0000 49c7 | 8738 0400 | 0000 0000 | 0049 c787 | 3004 0000 | 0000 0000 | c5f8 7749 
  0x00000264ad1dd560: 837f 0800 | 0f84 0500 | 0000 e971 | 3cff ff4c | 8b6d c04c | 8b75 c84e | 8d74 f500 | c348 b948 
  0x00000264ad1dd580: 088a def8 | 7f00 0048 | 83e4 f048 | b800 914d | def8 7f00 | 00ff d0f4 | 440f b75b | 2c41 f6c3 
  0x00000264ad1dd5a0: 200f 8472 | 0100 0048 | 8d55 a84c | 8b5a 084d | 85db 0f85 | bb00 0000 | e805 0000 | 00e9 9600 
  0x00000264ad1dd5c0: 0000 488d | 4424 084c | 896d c049 | 8bcf c5f8 | 7749 89af | 3804 0000 | 4989 8728 | 0400 0048 
  0x00000264ad1dd5e0: 83ec 2040 | f6c4 0f0f | 8419 0000 | 0048 83ec | 0848 b8e0 | 6826 def8 | 7f00 00ff | d048 83c4 
  0x00000264ad1dd600: 08e9 0c00 | 0000 48b8 | e068 26de | f87f 0000 | ffd0 4883 | c420 49c7 | 8728 0400 | 0000 0000 
  0x00000264ad1dd620: 0049 c787 | 3804 0000 | 0000 0000 | 49c7 8730 | 0400 0000 | 0000 00c5 | f877 4983 | 7f08 000f 
  0x00000264ad1dd640: 8405 0000 | 00e9 963b | ffff 4c8b | 6dc0 4c8b | 75c8 4e8d | 74f5 00c3 | 48b9 4808 | 8ade f87f 
  0x00000264ad1dd660: 0000 4883 | e4f0 48b8 | 0091 4dde | f87f 0000 | ffd0 f44c | 896d c04c | 8b4a 0848 | c742 0800 
  0x00000264ad1dd680: 0000 0045 | 8b87 d806 | 0000 4f3b | 4c07 f80f | 8542 0000 | 0041 83af | d806 0000 | 084f 3b4c 
  0x00000264ad1dd6a0: 07f0 0f84 | 2a00 0000 | 498b 01a8 | 020f 8512 | 0000 004c | 8bc0 4983 | c801 f04d | 0fb1 010f 
  0x00000264ad1dd6c0: 840d 0000 | 0041 8387 | d806 0000 | 08e9 0500 | 0000 e93e | 0000 004c | 894a 0848 | 8bca 4883 
  0x00000264ad1dd6e0: ec20 40f6 | c40f 0f84 | 1900 0000 | 4883 ec08 | 48b8 303b | 26de f87f | 0000 ffd0 | 4883 c408 
  0x00000264ad1dd700: e90c 0000 | 0048 b830 | 3b26 def8 | 7f00 00ff | d048 83c4 | 204c 8b6d | c041 c687 | 9603 0000 
  0x00000264ad1dd720: 0149 3b6f | 280f 8705 | 0000 00e9 | ab00 0000 | 4883 ec10 | c5fb 1104 | 2448 83ec | 1048 8904 
  0x00000264ad1dd740: 2448 c744 | 2408 0000 | 0000 c5f8 | 7749 89af | 3804 0000 | 49ba 4ad7 | 1dad 6402 | 0000 4d89 
  0x00000264ad1dd760: 9730 0400 | 0049 89a7 | 2804 0000 | 498b cf48 | 83ec 2040 | f6c4 0f0f | 8419 0000 | 0048 83ec 
  0x00000264ad1dd780: 0848 b8d0 | 2126 def8 | 7f00 00ff | d048 83c4 | 08e9 0c00 | 0000 48b8 | d021 26de | f87f 0000 
  0x00000264ad1dd7a0: ffd0 4883 | c420 49c7 | 8728 0400 | 0000 0000 | 0049 c787 | 3804 0000 | 0000 0000 | 49c7 8730 
  0x00000264ad1dd7c0: 0400 0000 | 0000 00c5 | f877 488b | 0424 4883 | c410 c5fb | 1004 2448 | 83c4 1048 | 8b04 2448 
  0x00000264ad1dd7e0: 83c4 10c5 | fb10 0424 | 4883 c410 | 4c8b 5d18 | 41ff d34c | 8b5d f8c9 | 41c6 8796 | 0300 0000 
  0x00000264ad1dd800: 5f49 8be3 | ffe7 ba00 | 0000 00e8 | 0500 0000 | e996 0000 | 0048 8d44 | 2408 4c89 | 6dc0 498b 
  0x00000264ad1dd820: cfc5 f877 | 4989 af38 | 0400 0049 | 8987 2804 | 0000 4883 | ec20 40f6 | c40f 0f84 | 1900 0000 
  0x00000264ad1dd840: 4883 ec08 | 48b8 2031 | 26de f87f | 0000 ffd0 | 4883 c408 | e90c 0000 | 0048 b820 | 3126 def8 
  0x00000264ad1dd860: 7f00 00ff | d048 83c4 | 2049 c787 | 2804 0000 | 0000 0000 | 49c7 8738 | 0400 0000 | 0000 0049 
  0x00000264ad1dd880: c787 3004 | 0000 0000 | 0000 c5f8 | 7749 837f | 0800 0f84 | 0500 0000 | e943 39ff | ff4c 8b6d 
  0x00000264ad1dd8a0: c04c 8b75 | c84e 8d74 | f500 c348 | 8b5d e8e9 | 74f6 ffff | 0f1f 4000 
[/MachCode]

---------------  P R O C E S S  ---------------

Threads class SMR info:
_java_thread_list=0x00000264c2411230, length=17, elements={
0x00000264bd4e9820, 0x00000264bd4ea130, 0x00000264bd4ef200, 0x00000264bd4f0560,
0x00000264bd4f72c0, 0x00000264bd4fb160, 0x00000264bd4fc7f0, 0x00000264bd4ffbf0,
0x00000264bdc46340, 0x00000264bdc6b500, 0x00000264bdc6fcd0, 0x00000264c23464a0,
0x00000264c21a0280, 0x00000264c21a5510, 0x00000264c24bcfc0, 0x00000264c24eb210,
0x000002649afa2f80
}

Java Threads: ( => current thread )
  0x00000264bd4e9820 JavaThread "Reference Handler"          daemon [_thread_blocked, id=10996, stack(0x000000dadad00000,0x000000dadae00000) (1024K)]
  0x00000264bd4ea130 JavaThread "Finalizer"                  daemon [_thread_blocked, id=4004, stack(0x000000dadae00000,0x000000dadaf00000) (1024K)]
  0x00000264bd4ef200 JavaThread "Signal Dispatcher"          daemon [_thread_blocked, id=11052, stack(0x000000dadaf00000,0x000000dadb000000) (1024K)]
  0x00000264bd4f0560 JavaThread "Attach Listener"            daemon [_thread_blocked, id=27180, stack(0x000000dadb000000,0x000000dadb100000) (1024K)]
  0x00000264bd4f72c0 JavaThread "Service Thread"             daemon [_thread_blocked, id=2388, stack(0x000000dadb100000,0x000000dadb200000) (1024K)]
  0x00000264bd4fb160 JavaThread "Monitor Deflation Thread"   daemon [_thread_blocked, id=16660, stack(0x000000dadb200000,0x000000dadb300000) (1024K)]
  0x00000264bd4fc7f0 JavaThread "C2 CompilerThread0"         daemon [_thread_blocked, id=14112, stack(0x000000dadb300000,0x000000dadb400000) (1024K)]
  0x00000264bd4ffbf0 JavaThread "C1 CompilerThread0"         daemon [_thread_blocked, id=13480, stack(0x000000dadb400000,0x000000dadb500000) (1024K)]
  0x00000264bdc46340 JavaThread "Common-Cleaner"             daemon [_thread_blocked, id=23328, stack(0x000000dadb900000,0x000000dadba00000) (1024K)]
  0x00000264bdc6b500 JavaThread "Monitor Ctrl-Break"         daemon [_thread_in_native, id=17732, stack(0x000000dadba00000,0x000000dadbb00000) (1024K)]
  0x00000264bdc6fcd0 JavaThread "Notification Thread"        daemon [_thread_blocked, id=19344, stack(0x000000dadbb00000,0x000000dadbc00000) (1024K)]
  0x00000264c23464a0 JavaThread "Java2D Disposer"            daemon [_thread_blocked, id=13708, stack(0x000000dadbc00000,0x000000dadbd00000) (1024K)]
  0x00000264c21a0280 JavaThread "AWT-Shutdown"                      [_thread_blocked, id=14788, stack(0x000000dadbd00000,0x000000dadbe00000) (1024K)]
=>0x00000264c21a5510 JavaThread "AWT-Windows"                daemon [_thread_in_native, id=196, stack(0x000000dadbe00000,0x000000dadbf00000) (1024K)]
  0x00000264c24bcfc0 JavaThread "TimerQueue"                 daemon [_thread_blocked, id=17464, stack(0x000000dadbf00000,0x000000dadc000000) (1024K)]
  0x00000264c24eb210 JavaThread "AWT-EventQueue-0"                  [_thread_in_native, id=19268, stack(0x000000dadc000000,0x000000dadc100000) (1024K)]
  0x000002649afa2f80 JavaThread "DestroyJavaVM"                     [_thread_blocked, id=16532, stack(0x000000dada500000,0x000000dada600000) (1024K)]
Total: 17

Other Threads:
  0x00000264bd4d5500 VMThread "VM Thread"                           [id=17724, stack(0x000000dadac00000,0x000000dadad00000) (1024K)]
  0x00000264bd4c9530 WatcherThread "VM Periodic Task Thread"        [id=13328, stack(0x000000dadab00000,0x000000dadac00000) (1024K)]
  0x000002649d5550f0 WorkerThread "GC Thread#0"                     [id=19704, stack(0x000000dada600000,0x000000dada700000) (1024K)]
  0x000002649d56d9e0 ConcurrentGCThread "G1 Main Marker"            [id=14132, stack(0x000000dada700000,0x000000dada800000) (1024K)]
  0x000002649d56e580 WorkerThread "G1 Conc#0"                       [id=26788, stack(0x000000dada800000,0x000000dada900000) (1024K)]
  0x00000264bd3930f0 ConcurrentGCThread "G1 Refine#0"               [id=7672, stack(0x000000dada900000,0x000000dadaa00000) (1024K)]
  0x00000264bd393d00 ConcurrentGCThread "G1 Service"                [id=15400, stack(0x000000dadaa00000,0x000000dadab00000) (1024K)]
Total: 7

Threads with active compile tasks:
Total: 0

VM state: not at safepoint (normal execution)

VM Mutex/Monitor currently owned by a thread: None

Heap address: 0x0000000705400000, size: 4012 MB, Compressed Oops mode: Zero based, Oop shift amount: 3

CDS archive(s) mapped at: [0x000000008a000000-0x000000008add0000-0x000000008add0000), size 14483456, SharedBaseAddress: 0x000000008a000000, ArchiveRelocationMode: 1.
Compressed class space mapped at: 0x000000008b000000-0x00000000cb000000, reserved size: 1073741824
UseCompressedClassPointers 1, UseCompactObjectHeaders 0
Narrow klass pointer bits 32, Max shift 3
Narrow klass base: 0x000000008a000000, Narrow klass shift: 0
Encoding Range: [0x000000008a000000 - 0x000000018a000000), (4294967296 bytes)
Klass Range:    [0x000000008a010000 - 0x00000000cb000000), (1090453504 bytes)
Klass ID Range:  [65536 - 1090519033) (1090453497)
Protection zone: [0x000000008a000000 - 0x000000008a010000), (65536 bytes)

GC Precious Log:
 CardTable entry size: 512
 Card Set container configuration: InlinePtr #cards 4 size 8 Array Of Cards #cards 16 size 48 Howl #buckets 8 coarsen threshold 3686 Howl Bitmap #cards 512 size 80 coarsen threshold 460 Card regions per heap region 1 cards per card region 4096
 CPUs: 20 total, 20 available
 Memory: 16047M
 Large Page Support: Disabled
 NUMA Support: Disabled
 Compressed Oops: Enabled (Zero based)
 Heap Region Size: 2M
 Heap Min Capacity: 8M
 Heap Initial Capacity: 252M
 Heap Max Capacity: 4012M
 Pre-touch: Disabled
 Parallel Workers: 15
 Concurrent Workers: 4
 Concurrent Refinement Workers: 15
 Periodic GC: Disabled

Heap:
 garbage-first heap   total reserved 4108288K, committed 260096K, used 31891K [0x0000000705400000, 0x0000000800000000)
  region size 2048K, 14 young (28672K), 0 survivors (0K)

Heap Regions: E=young(eden), S=young(survivor), O=old, HS=humongous(starts), HC=humongous(continues), CS=collection set, F=free, TAMS=top-at-mark-start, PB=parsable bottom
|   0|0x0000000705400000, 0x0000000705600000, 0x0000000705600000|100%|HS|  |TAMS 0x0000000705400000| PB 0x0000000705400000| Complete |  0
|   1|0x0000000705600000, 0x0000000705800000, 0x0000000705800000|100%|HC|  |TAMS 0x0000000705600000| PB 0x0000000705600000| Complete |  0
|   2|0x0000000705800000, 0x0000000705800000, 0x0000000705a00000|  0%| F|  |TAMS 0x0000000705800000| PB 0x0000000705800000| Untracked |  0
|   3|0x0000000705a00000, 0x0000000705a00000, 0x0000000705c00000|  0%| F|  |TAMS 0x0000000705a00000| PB 0x0000000705a00000| Untracked |  0
|   4|0x0000000705c00000, 0x0000000705c00000, 0x0000000705e00000|  0%| F|  |TAMS 0x0000000705c00000| PB 0x0000000705c00000| Untracked |  0
|   5|0x0000000705e00000, 0x0000000705e00000, 0x0000000706000000|  0%| F|  |TAMS 0x0000000705e00000| PB 0x0000000705e00000| Untracked |  0
|   6|0x0000000706000000, 0x0000000706000000, 0x0000000706200000|  0%| F|  |TAMS 0x0000000706000000| PB 0x0000000706000000| Untracked |  0
|   7|0x0000000706200000, 0x0000000706200000, 0x0000000706400000|  0%| F|  |TAMS 0x0000000706200000| PB 0x0000000706200000| Untracked |  0
|   8|0x0000000706400000, 0x0000000706400000, 0x0000000706600000|  0%| F|  |TAMS 0x0000000706400000| PB 0x0000000706400000| Untracked |  0
|   9|0x0000000706600000, 0x0000000706600000, 0x0000000706800000|  0%| F|  |TAMS 0x0000000706600000| PB 0x0000000706600000| Untracked |  0
|  10|0x0000000706800000, 0x0000000706800000, 0x0000000706a00000|  0%| F|  |TAMS 0x0000000706800000| PB 0x0000000706800000| Untracked |  0
|  11|0x0000000706a00000, 0x0000000706a00000, 0x0000000706c00000|  0%| F|  |TAMS 0x0000000706a00000| PB 0x0000000706a00000| Untracked |  0
|  12|0x0000000706c00000, 0x0000000706c00000, 0x0000000706e00000|  0%| F|  |TAMS 0x0000000706c00000| PB 0x0000000706c00000| Untracked |  0
|  13|0x0000000706e00000, 0x0000000706e00000, 0x0000000707000000|  0%| F|  |TAMS 0x0000000706e00000| PB 0x0000000706e00000| Untracked |  0
|  14|0x0000000707000000, 0x0000000707000000, 0x0000000707200000|  0%| F|  |TAMS 0x0000000707000000| PB 0x0000000707000000| Untracked |  0
|  15|0x0000000707200000, 0x0000000707200000, 0x0000000707400000|  0%| F|  |TAMS 0x0000000707200000| PB 0x0000000707200000| Untracked |  0
|  16|0x0000000707400000, 0x0000000707400000, 0x0000000707600000|  0%| F|  |TAMS 0x0000000707400000| PB 0x0000000707400000| Untracked |  0
|  17|0x0000000707600000, 0x0000000707600000, 0x0000000707800000|  0%| F|  |TAMS 0x0000000707600000| PB 0x0000000707600000| Untracked |  0
|  18|0x0000000707800000, 0x0000000707800000, 0x0000000707a00000|  0%| F|  |TAMS 0x0000000707800000| PB 0x0000000707800000| Untracked |  0
|  19|0x0000000707a00000, 0x0000000707a00000, 0x0000000707c00000|  0%| F|  |TAMS 0x0000000707a00000| PB 0x0000000707a00000| Untracked |  0
|  20|0x0000000707c00000, 0x0000000707c00000, 0x0000000707e00000|  0%| F|  |TAMS 0x0000000707c00000| PB 0x0000000707c00000| Untracked |  0
|  21|0x0000000707e00000, 0x0000000707e00000, 0x0000000708000000|  0%| F|  |TAMS 0x0000000707e00000| PB 0x0000000707e00000| Untracked |  0
|  22|0x0000000708000000, 0x0000000708000000, 0x0000000708200000|  0%| F|  |TAMS 0x0000000708000000| PB 0x0000000708000000| Untracked |  0
|  23|0x0000000708200000, 0x0000000708200000, 0x0000000708400000|  0%| F|  |TAMS 0x0000000708200000| PB 0x0000000708200000| Untracked |  0
|  24|0x0000000708400000, 0x0000000708400000, 0x0000000708600000|  0%| F|  |TAMS 0x0000000708400000| PB 0x0000000708400000| Untracked |  0
|  25|0x0000000708600000, 0x0000000708600000, 0x0000000708800000|  0%| F|  |TAMS 0x0000000708600000| PB 0x0000000708600000| Untracked |  0
|  26|0x0000000708800000, 0x0000000708800000, 0x0000000708a00000|  0%| F|  |TAMS 0x0000000708800000| PB 0x0000000708800000| Untracked |  0
|  27|0x0000000708a00000, 0x0000000708a00000, 0x0000000708c00000|  0%| F|  |TAMS 0x0000000708a00000| PB 0x0000000708a00000| Untracked |  0
|  28|0x0000000708c00000, 0x0000000708c00000, 0x0000000708e00000|  0%| F|  |TAMS 0x0000000708c00000| PB 0x0000000708c00000| Untracked |  0
|  29|0x0000000708e00000, 0x0000000708e00000, 0x0000000709000000|  0%| F|  |TAMS 0x0000000708e00000| PB 0x0000000708e00000| Untracked |  0
|  30|0x0000000709000000, 0x0000000709000000, 0x0000000709200000|  0%| F|  |TAMS 0x0000000709000000| PB 0x0000000709000000| Untracked |  0
|  31|0x0000000709200000, 0x0000000709200000, 0x0000000709400000|  0%| F|  |TAMS 0x0000000709200000| PB 0x0000000709200000| Untracked |  0
|  32|0x0000000709400000, 0x0000000709400000, 0x0000000709600000|  0%| F|  |TAMS 0x0000000709400000| PB 0x0000000709400000| Untracked |  0
|  33|0x0000000709600000, 0x0000000709600000, 0x0000000709800000|  0%| F|  |TAMS 0x0000000709600000| PB 0x0000000709600000| Untracked |  0
|  34|0x0000000709800000, 0x0000000709800000, 0x0000000709a00000|  0%| F|  |TAMS 0x0000000709800000| PB 0x0000000709800000| Untracked |  0
|  35|0x0000000709a00000, 0x0000000709a00000, 0x0000000709c00000|  0%| F|  |TAMS 0x0000000709a00000| PB 0x0000000709a00000| Untracked |  0
|  36|0x0000000709c00000, 0x0000000709c00000, 0x0000000709e00000|  0%| F|  |TAMS 0x0000000709c00000| PB 0x0000000709c00000| Untracked |  0
|  37|0x0000000709e00000, 0x0000000709e00000, 0x000000070a000000|  0%| F|  |TAMS 0x0000000709e00000| PB 0x0000000709e00000| Untracked |  0
|  38|0x000000070a000000, 0x000000070a000000, 0x000000070a200000|  0%| F|  |TAMS 0x000000070a000000| PB 0x000000070a000000| Untracked |  0
|  39|0x000000070a200000, 0x000000070a200000, 0x000000070a400000|  0%| F|  |TAMS 0x000000070a200000| PB 0x000000070a200000| Untracked |  0
|  40|0x000000070a400000, 0x000000070a400000, 0x000000070a600000|  0%| F|  |TAMS 0x000000070a400000| PB 0x000000070a400000| Untracked |  0
|  41|0x000000070a600000, 0x000000070a600000, 0x000000070a800000|  0%| F|  |TAMS 0x000000070a600000| PB 0x000000070a600000| Untracked |  0
|  42|0x000000070a800000, 0x000000070a800000, 0x000000070aa00000|  0%| F|  |TAMS 0x000000070a800000| PB 0x000000070a800000| Untracked |  0
|  43|0x000000070aa00000, 0x000000070aa00000, 0x000000070ac00000|  0%| F|  |TAMS 0x000000070aa00000| PB 0x000000070aa00000| Untracked |  0
|  44|0x000000070ac00000, 0x000000070ac00000, 0x000000070ae00000|  0%| F|  |TAMS 0x000000070ac00000| PB 0x000000070ac00000| Untracked |  0
|  45|0x000000070ae00000, 0x000000070ae00000, 0x000000070b000000|  0%| F|  |TAMS 0x000000070ae00000| PB 0x000000070ae00000| Untracked |  0
|  46|0x000000070b000000, 0x000000070b000000, 0x000000070b200000|  0%| F|  |TAMS 0x000000070b000000| PB 0x000000070b000000| Untracked |  0
|  47|0x000000070b200000, 0x000000070b200000, 0x000000070b400000|  0%| F|  |TAMS 0x000000070b200000| PB 0x000000070b200000| Untracked |  0
|  48|0x000000070b400000, 0x000000070b400000, 0x000000070b600000|  0%| F|  |TAMS 0x000000070b400000| PB 0x000000070b400000| Untracked |  0
|  49|0x000000070b600000, 0x000000070b600000, 0x000000070b800000|  0%| F|  |TAMS 0x000000070b600000| PB 0x000000070b600000| Untracked |  0
|  50|0x000000070b800000, 0x000000070b800000, 0x000000070ba00000|  0%| F|  |TAMS 0x000000070b800000| PB 0x000000070b800000| Untracked |  0
|  51|0x000000070ba00000, 0x000000070ba00000, 0x000000070bc00000|  0%| F|  |TAMS 0x000000070ba00000| PB 0x000000070ba00000| Untracked |  0
|  52|0x000000070bc00000, 0x000000070bc00000, 0x000000070be00000|  0%| F|  |TAMS 0x000000070bc00000| PB 0x000000070bc00000| Untracked |  0
|  53|0x000000070be00000, 0x000000070be00000, 0x000000070c000000|  0%| F|  |TAMS 0x000000070be00000| PB 0x000000070be00000| Untracked |  0
|  54|0x000000070c000000, 0x000000070c000000, 0x000000070c200000|  0%| F|  |TAMS 0x000000070c000000| PB 0x000000070c000000| Untracked |  0
|  55|0x000000070c200000, 0x000000070c200000, 0x000000070c400000|  0%| F|  |TAMS 0x000000070c200000| PB 0x000000070c200000| Untracked |  0
|  56|0x000000070c400000, 0x000000070c400000, 0x000000070c600000|  0%| F|  |TAMS 0x000000070c400000| PB 0x000000070c400000| Untracked |  0
|  57|0x000000070c600000, 0x000000070c600000, 0x000000070c800000|  0%| F|  |TAMS 0x000000070c600000| PB 0x000000070c600000| Untracked |  0
|  58|0x000000070c800000, 0x000000070c800000, 0x000000070ca00000|  0%| F|  |TAMS 0x000000070c800000| PB 0x000000070c800000| Untracked |  0
|  59|0x000000070ca00000, 0x000000070ca00000, 0x000000070cc00000|  0%| F|  |TAMS 0x000000070ca00000| PB 0x000000070ca00000| Untracked |  0
|  60|0x000000070cc00000, 0x000000070cc00000, 0x000000070ce00000|  0%| F|  |TAMS 0x000000070cc00000| PB 0x000000070cc00000| Untracked |  0
|  61|0x000000070ce00000, 0x000000070ce00000, 0x000000070d000000|  0%| F|  |TAMS 0x000000070ce00000| PB 0x000000070ce00000| Untracked |  0
|  62|0x000000070d000000, 0x000000070d000000, 0x000000070d200000|  0%| F|  |TAMS 0x000000070d000000| PB 0x000000070d000000| Untracked |  0
|  63|0x000000070d200000, 0x000000070d200000, 0x000000070d400000|  0%| F|  |TAMS 0x000000070d200000| PB 0x000000070d200000| Untracked |  0
|  64|0x000000070d400000, 0x000000070d400000, 0x000000070d600000|  0%| F|  |TAMS 0x000000070d400000| PB 0x000000070d400000| Untracked |  0
|  65|0x000000070d600000, 0x000000070d600000, 0x000000070d800000|  0%| F|  |TAMS 0x000000070d600000| PB 0x000000070d600000| Untracked |  0
|  66|0x000000070d800000, 0x000000070d800000, 0x000000070da00000|  0%| F|  |TAMS 0x000000070d800000| PB 0x000000070d800000| Untracked |  0
|  67|0x000000070da00000, 0x000000070da00000, 0x000000070dc00000|  0%| F|  |TAMS 0x000000070da00000| PB 0x000000070da00000| Untracked |  0
|  68|0x000000070dc00000, 0x000000070dc00000, 0x000000070de00000|  0%| F|  |TAMS 0x000000070dc00000| PB 0x000000070dc00000| Untracked |  0
|  69|0x000000070de00000, 0x000000070de00000, 0x000000070e000000|  0%| F|  |TAMS 0x000000070de00000| PB 0x000000070de00000| Untracked |  0
|  70|0x000000070e000000, 0x000000070e000000, 0x000000070e200000|  0%| F|  |TAMS 0x000000070e000000| PB 0x000000070e000000| Untracked |  0
|  71|0x000000070e200000, 0x000000070e200000, 0x000000070e400000|  0%| F|  |TAMS 0x000000070e200000| PB 0x000000070e200000| Untracked |  0
|  72|0x000000070e400000, 0x000000070e400000, 0x000000070e600000|  0%| F|  |TAMS 0x000000070e400000| PB 0x000000070e400000| Untracked |  0
|  73|0x000000070e600000, 0x000000070e600000, 0x000000070e800000|  0%| F|  |TAMS 0x000000070e600000| PB 0x000000070e600000| Untracked |  0
|  74|0x000000070e800000, 0x000000070e800000, 0x000000070ea00000|  0%| F|  |TAMS 0x000000070e800000| PB 0x000000070e800000| Untracked |  0
|  75|0x000000070ea00000, 0x000000070ea00000, 0x000000070ec00000|  0%| F|  |TAMS 0x000000070ea00000| PB 0x000000070ea00000| Untracked |  0
|  76|0x000000070ec00000, 0x000000070ec00000, 0x000000070ee00000|  0%| F|  |TAMS 0x000000070ec00000| PB 0x000000070ec00000| Untracked |  0
|  77|0x000000070ee00000, 0x000000070ee00000, 0x000000070f000000|  0%| F|  |TAMS 0x000000070ee00000| PB 0x000000070ee00000| Untracked |  0
|  78|0x000000070f000000, 0x000000070f000000, 0x000000070f200000|  0%| F|  |TAMS 0x000000070f000000| PB 0x000000070f000000| Untracked |  0
|  79|0x000000070f200000, 0x000000070f200000, 0x000000070f400000|  0%| F|  |TAMS 0x000000070f200000| PB 0x000000070f200000| Untracked |  0
|  80|0x000000070f400000, 0x000000070f400000, 0x000000070f600000|  0%| F|  |TAMS 0x000000070f400000| PB 0x000000070f400000| Untracked |  0
|  81|0x000000070f600000, 0x000000070f600000, 0x000000070f800000|  0%| F|  |TAMS 0x000000070f600000| PB 0x000000070f600000| Untracked |  0
|  82|0x000000070f800000, 0x000000070f800000, 0x000000070fa00000|  0%| F|  |TAMS 0x000000070f800000| PB 0x000000070f800000| Untracked |  0
|  83|0x000000070fa00000, 0x000000070fa00000, 0x000000070fc00000|  0%| F|  |TAMS 0x000000070fa00000| PB 0x000000070fa00000| Untracked |  0
|  84|0x000000070fc00000, 0x000000070fc00000, 0x000000070fe00000|  0%| F|  |TAMS 0x000000070fc00000| PB 0x000000070fc00000| Untracked |  0
|  85|0x000000070fe00000, 0x000000070fe00000, 0x0000000710000000|  0%| F|  |TAMS 0x000000070fe00000| PB 0x000000070fe00000| Untracked |  0
|  86|0x0000000710000000, 0x0000000710000000, 0x0000000710200000|  0%| F|  |TAMS 0x0000000710000000| PB 0x0000000710000000| Untracked |  0
|  87|0x0000000710200000, 0x0000000710200000, 0x0000000710400000|  0%| F|  |TAMS 0x0000000710200000| PB 0x0000000710200000| Untracked |  0
|  88|0x0000000710400000, 0x0000000710400000, 0x0000000710600000|  0%| F|  |TAMS 0x0000000710400000| PB 0x0000000710400000| Untracked |  0
|  89|0x0000000710600000, 0x0000000710600000, 0x0000000710800000|  0%| F|  |TAMS 0x0000000710600000| PB 0x0000000710600000| Untracked |  0
|  90|0x0000000710800000, 0x0000000710800000, 0x0000000710a00000|  0%| F|  |TAMS 0x0000000710800000| PB 0x0000000710800000| Untracked |  0
|  91|0x0000000710a00000, 0x0000000710a00000, 0x0000000710c00000|  0%| F|  |TAMS 0x0000000710a00000| PB 0x0000000710a00000| Untracked |  0
|  92|0x0000000710c00000, 0x0000000710c00000, 0x0000000710e00000|  0%| F|  |TAMS 0x0000000710c00000| PB 0x0000000710c00000| Untracked |  0
|  93|0x0000000710e00000, 0x0000000710e00000, 0x0000000711000000|  0%| F|  |TAMS 0x0000000710e00000| PB 0x0000000710e00000| Untracked |  0
|  94|0x0000000711000000, 0x0000000711000000, 0x0000000711200000|  0%| F|  |TAMS 0x0000000711000000| PB 0x0000000711000000| Untracked |  0
|  95|0x0000000711200000, 0x0000000711200000, 0x0000000711400000|  0%| F|  |TAMS 0x0000000711200000| PB 0x0000000711200000| Untracked |  0
|  96|0x0000000711400000, 0x0000000711400000, 0x0000000711600000|  0%| F|  |TAMS 0x0000000711400000| PB 0x0000000711400000| Untracked |  0
|  97|0x0000000711600000, 0x0000000711600000, 0x0000000711800000|  0%| F|  |TAMS 0x0000000711600000| PB 0x0000000711600000| Untracked |  0
|  98|0x0000000711800000, 0x0000000711800000, 0x0000000711a00000|  0%| F|  |TAMS 0x0000000711800000| PB 0x0000000711800000| Untracked |  0
|  99|0x0000000711a00000, 0x0000000711a00000, 0x0000000711c00000|  0%| F|  |TAMS 0x0000000711a00000| PB 0x0000000711a00000| Untracked |  0
| 100|0x0000000711c00000, 0x0000000711c00000, 0x0000000711e00000|  0%| F|  |TAMS 0x0000000711c00000| PB 0x0000000711c00000| Untracked |  0
| 101|0x0000000711e00000, 0x0000000711e00000, 0x0000000712000000|  0%| F|  |TAMS 0x0000000711e00000| PB 0x0000000711e00000| Untracked |  0
| 102|0x0000000712000000, 0x0000000712000000, 0x0000000712200000|  0%| F|  |TAMS 0x0000000712000000| PB 0x0000000712000000| Untracked |  0
| 103|0x0000000712200000, 0x0000000712200000, 0x0000000712400000|  0%| F|  |TAMS 0x0000000712200000| PB 0x0000000712200000| Untracked |  0
| 104|0x0000000712400000, 0x0000000712400000, 0x0000000712600000|  0%| F|  |TAMS 0x0000000712400000| PB 0x0000000712400000| Untracked |  0
| 105|0x0000000712600000, 0x0000000712600000, 0x0000000712800000|  0%| F|  |TAMS 0x0000000712600000| PB 0x0000000712600000| Untracked |  0
| 106|0x0000000712800000, 0x0000000712800000, 0x0000000712a00000|  0%| F|  |TAMS 0x0000000712800000| PB 0x0000000712800000| Untracked |  0
| 107|0x0000000712a00000, 0x0000000712a00000, 0x0000000712c00000|  0%| F|  |TAMS 0x0000000712a00000| PB 0x0000000712a00000| Untracked |  0
| 108|0x0000000712c00000, 0x0000000712c00000, 0x0000000712e00000|  0%| F|  |TAMS 0x0000000712c00000| PB 0x0000000712c00000| Untracked |  0
| 109|0x0000000712e00000, 0x0000000712e00000, 0x0000000713000000|  0%| F|  |TAMS 0x0000000712e00000| PB 0x0000000712e00000| Untracked |  0
| 110|0x0000000713000000, 0x0000000713000000, 0x0000000713200000|  0%| F|  |TAMS 0x0000000713000000| PB 0x0000000713000000| Untracked |  0
| 111|0x0000000713200000, 0x0000000713200000, 0x0000000713400000|  0%| F|  |TAMS 0x0000000713200000| PB 0x0000000713200000| Untracked |  0
| 112|0x0000000713400000, 0x00000007134f5d78, 0x0000000713600000| 48%| E|  |TAMS 0x0000000713400000| PB 0x0000000713400000| Complete |  0
| 113|0x0000000713600000, 0x0000000713800000, 0x0000000713800000|100%| E|CS|TAMS 0x0000000713600000| PB 0x0000000713600000| Complete |  0
| 114|0x0000000713800000, 0x0000000713a00000, 0x0000000713a00000|100%| E|CS|TAMS 0x0000000713800000| PB 0x0000000713800000| Complete |  0
| 115|0x0000000713a00000, 0x0000000713c00000, 0x0000000713c00000|100%| E|CS|TAMS 0x0000000713a00000| PB 0x0000000713a00000| Complete |  0
| 116|0x0000000713c00000, 0x0000000713e00000, 0x0000000713e00000|100%| E|CS|TAMS 0x0000000713c00000| PB 0x0000000713c00000| Complete |  0
| 117|0x0000000713e00000, 0x0000000714000000, 0x0000000714000000|100%| E|CS|TAMS 0x0000000713e00000| PB 0x0000000713e00000| Complete |  0
| 118|0x0000000714000000, 0x0000000714200000, 0x0000000714200000|100%| E|CS|TAMS 0x0000000714000000| PB 0x0000000714000000| Complete |  0
| 119|0x0000000714200000, 0x0000000714400000, 0x0000000714400000|100%| E|CS|TAMS 0x0000000714200000| PB 0x0000000714200000| Complete |  0
| 120|0x0000000714400000, 0x0000000714600000, 0x0000000714600000|100%| E|CS|TAMS 0x0000000714400000| PB 0x0000000714400000| Complete |  0
| 121|0x0000000714600000, 0x0000000714800000, 0x0000000714800000|100%| E|CS|TAMS 0x0000000714600000| PB 0x0000000714600000| Complete |  0
| 122|0x0000000714800000, 0x0000000714a00000, 0x0000000714a00000|100%| E|CS|TAMS 0x0000000714800000| PB 0x0000000714800000| Complete |  0
| 123|0x0000000714a00000, 0x0000000714c00000, 0x0000000714c00000|100%| E|CS|TAMS 0x0000000714a00000| PB 0x0000000714a00000| Complete |  0
| 124|0x0000000714c00000, 0x0000000714e00000, 0x0000000714e00000|100%| E|CS|TAMS 0x0000000714c00000| PB 0x0000000714c00000| Complete |  0
| 125|0x0000000714e00000, 0x0000000715000000, 0x0000000715000000|100%| E|CS|TAMS 0x0000000714e00000| PB 0x0000000714e00000| Complete |  0
|2005|0x00000007ffe00000, 0x00000007fff24ea8, 0x0000000800000000| 57%| O|  |TAMS 0x00000007ffe00000| PB 0x00000007ffe00000| Untracked |  0

Card table byte_map: [0x00000264b6120000,0x00000264b6900000] _byte_map_base: 0x00000264b28f6000

Marking Bits: (CMBitMap*) 0x000002649d555880
 Bits: [0x00000264b6900000, 0x00000264ba7b0000)

Polling page: 0x000002649b720000

Metaspace:
Metaspace        used 8432K, committed 8640K, reserved 1114112K
 class space     used 859K, committed 960K, reserved 1048576K

Usage:
  Non-class:      7.39 MB used.
      Class:    859.91 KB used.
       Both:      8.23 MB used.

Virtual space:
  Non-class space:       64.00 MB reserved,       7.50 MB ( 12%) committed,  1 nodes.
      Class space:        1.00 GB reserved,     960.00 KB ( <1%) committed,  1 nodes.
             Both:        1.06 GB reserved,       8.44 MB ( <1%) committed. 

Chunk freelists:
   Non-Class:  8.48 MB
       Class:  15.11 MB
        Both:  23.59 MB

MaxMetaspaceSize: unlimited
CompressedClassSpaceSize: 1.00 GB
Initial GC threshold: 21.00 MB
Current GC threshold: 21.00 MB
CDS: on
 - commit_granule_bytes: 65536.
 - commit_granule_words: 8192.
 - virtual_space_node_default_size: 8388608.
 - enlarge_chunks_in_place: 1.
UseCompressedClassPointers 1, UseCompactObjectHeaders 0
Narrow klass pointer bits 32, Max shift 3
Narrow klass base: 0x000000008a000000, Narrow klass shift: 0
Encoding Range: [0x000000008a000000 - 0x000000018a000000), (4294967296 bytes)
Klass Range:    [0x000000008a010000 - 0x00000000cb000000), (1090453504 bytes)
Klass ID Range:  [65536 - 1090519033) (1090453497)
Protection zone: [0x000000008a000000 - 0x000000008a010000), (65536 bytes)


Internal statistics:

num_allocs_failed_limit: 0.
num_arena_births: 98.
num_arena_deaths: 0.
num_vsnodes_births: 2.
num_vsnodes_deaths: 0.
num_space_committed: 135.
num_space_uncommitted: 0.
num_chunks_returned_to_freelist: 0.
num_chunks_taken_from_freelist: 128.
num_chunk_merges: 0.
num_chunk_splits: 83.
num_chunks_enlarged: 50.
num_inconsistent_stats: 0.

CodeHeap 'non-profiled nmethods': size=119232Kb used=531Kb max_used=531Kb free=118700Kb
 bounds [0x00000264ad910000, 0x00000264adb80000, 0x00000264b4d80000]
CodeHeap 'profiled nmethods': size=119104Kb used=2240Kb max_used=2240Kb free=116863Kb
 bounds [0x00000264a5d80000, 0x00000264a5ff0000, 0x00000264ad1d0000]
CodeHeap 'non-nmethods': size=7424Kb used=1502Kb max_used=3192Kb free=5921Kb
 bounds [0x00000264ad1d0000, 0x00000264ad4f0000, 0x00000264ad910000]
CodeCache: size=245760Kb, used=4273Kb, max_used=5963Kb, free=241484Kb
 total_blobs=2337, nmethods=1703, adapters=538, full_count=0
Compilation: enabled, stopped_count=0, restarted_count=0

Compilation events (20 events):
Event: 1629.975 Thread 0x00000264bd4fc7f0 1693       4       javax.swing.Timer$DoPostEvent::run (85 bytes)
Event: 1629.977 Thread 0x00000264bd4fc7f0 nmethod 1693 0x00000264ad992a88 code [0x00000264ad992b80, 0x00000264ad993058]
Event: 46614.232 Thread 0x00000264bd4ffbf0 1695  s    3       enigma.console.java2d.Java2DTextWindow::repaintChar (55 bytes)
Event: 46614.232 Thread 0x00000264bd4ffbf0 nmethod 1695 0x00000264a5faa808 code [0x00000264a5faa900, 0x00000264a5fab150]
Event: 46614.233 Thread 0x00000264bd4fc7f0 1697   !   4       javax.swing.TimerQueue::addTimer (67 bytes)
Event: 46614.233 Thread 0x00000264bd4ffbf0 1698       3       java.lang.AbstractStringBuilder::newCapacity (49 bytes)
Event: 46614.233 Thread 0x00000264bd4ffbf0 nmethod 1698 0x00000264a5fab188 code [0x00000264a5fab280, 0x00000264a5fab628]
Event: 46614.234 Thread 0x00000264bd4ffbf0 1699       3       java.util.Arrays::fill (21 bytes)
Event: 46614.234 Thread 0x00000264bd4ffbf0 nmethod 1699 0x00000264a5fab688 code [0x00000264a5fab780, 0x00000264a5fab910]
Event: 46614.238 Thread 0x00000264bd4fc7f0 nmethod 1697 0x00000264ad993388 code [0x00000264ad993480, 0x00000264ad994198]
Event: 46614.238 Thread 0x00000264bd4fc7f0 1700       4       javax.swing.Timer::isRunning (9 bytes)
Event: 46614.243 Thread 0x00000264bd4fc7f0 nmethod 1700 0x00000264ad994208 code [0x00000264ad994300, 0x00000264ad994a90]
Event: 46614.273 Thread 0x00000264bd4fc7f0 1701       4       jdk.internal.util.ArraysSupport::hashCodeOfUnsigned (55 bytes)
Event: 46614.273 Thread 0x00000264bd4ffbf0 1702       3       java.util.HashMap::resize (356 bytes)
Event: 46614.274 Thread 0x00000264bd4ffbf0 nmethod 1702 0x00000264a5fab988 code [0x00000264a5fabaa0, 0x00000264a5facd60]
Event: 46614.274 Thread 0x00000264bd4ffbf0 1703   !   3       jdk.internal.classfile.impl.StackMapGenerator::detectFrames (498 bytes)
Event: 46614.274 Thread 0x00000264bd4fc7f0 nmethod 1701 0x00000264ad994b08 code [0x00000264ad994c00, 0x00000264ad994ed8]
Event: 46614.275 Thread 0x00000264bd4ffbf0 nmethod 1703 0x00000264a5facd88 code [0x00000264a5face80, 0x00000264a5faece8]
Event: 46614.275 Thread 0x00000264bd4ffbf0 1704       3       jdk.internal.classfile.impl.StackMapGenerator::processMethod (258 bytes)
Event: 46614.275 Thread 0x00000264bd4ffbf0 nmethod 1704 0x00000264a5faed08 code [0x00000264a5faee00, 0x00000264a5fb00f8]

GC Heap Usage History (0 events):
No events

Metaspace Usage History (0 events):
No events

Dll operation events (11 events):
Event: 0.006 Loaded shared library C:\Users\tunce\.jdks\openjdk-25.0.2\bin\java.dll
Event: 0.040 Loaded shared library C:\Users\tunce\.jdks\openjdk-25.0.2\bin\zip.dll
Event: 0.041 Loaded shared library C:\Users\tunce\.jdks\openjdk-25.0.2\bin\instrument.dll
Event: 0.044 Loaded shared library C:\Users\tunce\.jdks\openjdk-25.0.2\bin\net.dll
Event: 0.045 Loaded shared library C:\Users\tunce\.jdks\openjdk-25.0.2\bin\nio.dll
Event: 0.047 Loaded shared library C:\Users\tunce\.jdks\openjdk-25.0.2\bin\zip.dll
Event: 0.063 Loaded shared library C:\Users\tunce\.jdks\openjdk-25.0.2\bin\extnet.dll
Event: 0.083 Loaded shared library C:\Users\tunce\.jdks\openjdk-25.0.2\bin\jimage.dll
Event: 0.089 Loaded shared library C:\Users\tunce\.jdks\openjdk-25.0.2\bin\awt.dll
Event: 0.109 Loaded shared library C:\Users\tunce\.jdks\openjdk-25.0.2\bin\freetype.dll
Event: 0.110 Loaded shared library C:\Users\tunce\.jdks\openjdk-25.0.2\bin\fontmanager.dll

Deoptimization events (20 events):
Event: 46614.250 Thread 0x00000264c24eb210 Uncommon trap: trap_request=0xffffff45 fr.pc=0x00000264ad992278 relative=0x00000000000009f8
Event: 46614.250 Thread 0x00000264c24eb210 Uncommon trap: reason=unstable_if action=reinterpret pc=0x00000264ad992278 method=enigma.console.java2d.Java2DTextWindow$2.actionPerformed(Ljava/awt/event/ActionEvent;)V @ 14 c2
Event: 46614.250 Thread 0x00000264c24eb210 DEOPT PACKING pc=0x00000264ad992278 sp=0x000000dadc0ff200
Event: 46614.250 Thread 0x00000264c24eb210 DEOPT UNPACKING pc=0x00000264ad2f1782 sp=0x000000dadc0ff190 mode 2
Event: 46614.251 Thread 0x00000264c24eb210 Uncommon trap: trap_request=0xffffffde fr.pc=0x00000264ad98f150 relative=0x00000000000008d0
Event: 46614.251 Thread 0x00000264c24eb210 Uncommon trap: reason=class_check action=maybe_recompile pc=0x00000264ad98f150 method=javax.swing.RepaintManager.addDirtyRegion0(Ljava/awt/Container;IIII)V @ 16 c2
Event: 46614.251 Thread 0x00000264c24eb210 DEOPT PACKING pc=0x00000264ad98f150 sp=0x000000dadc0fe930
Event: 46614.251 Thread 0x00000264c24eb210 DEOPT UNPACKING pc=0x00000264ad2f1782 sp=0x000000dadc0fe8f8 mode 2
Event: 46614.251 Thread 0x00000264c24eb210 Uncommon trap: trap_request=0xffffffde fr.pc=0x00000264ad98f150 relative=0x00000000000008d0
Event: 46614.251 Thread 0x00000264c24eb210 Uncommon trap: reason=class_check action=maybe_recompile pc=0x00000264ad98f150 method=javax.swing.RepaintManager.addDirtyRegion0(Ljava/awt/Container;IIII)V @ 16 c2
Event: 46614.251 Thread 0x00000264c24eb210 DEOPT PACKING pc=0x00000264ad98f150 sp=0x000000dadc0fe880
Event: 46614.251 Thread 0x00000264c24eb210 DEOPT UNPACKING pc=0x00000264ad2f1782 sp=0x000000dadc0fe848 mode 2
Event: 46614.251 Thread 0x00000264c24eb210 Uncommon trap: trap_request=0xffffff45 fr.pc=0x00000264ad98f304 relative=0x0000000000000a84
Event: 46614.251 Thread 0x00000264c24eb210 Uncommon trap: reason=unstable_if action=reinterpret pc=0x00000264ad98f304 method=javax.swing.RepaintManager.addDirtyRegion0(Ljava/awt/Container;IIII)V @ 2 c2
Event: 46614.251 Thread 0x00000264c24eb210 DEOPT PACKING pc=0x00000264ad98f304 sp=0x000000dadc0fea90
Event: 46614.251 Thread 0x00000264c24eb210 DEOPT UNPACKING pc=0x00000264ad2f1782 sp=0x000000dadc0fea58 mode 2
Event: 46614.284 Thread 0x00000264c24eb210 Uncommon trap: trap_request=0xffffff45 fr.pc=0x00000264ad967db4 relative=0x00000000000000b4
Event: 46614.284 Thread 0x00000264c24eb210 Uncommon trap: reason=unstable_if action=reinterpret pc=0x00000264ad967db4 method=javax.swing.SwingUtilities.computeIntersection(IIIILjava/awt/Rectangle;)Ljava/awt/Rectangle; @ 6 c2
Event: 46614.284 Thread 0x00000264c24eb210 DEOPT PACKING pc=0x00000264ad967db4 sp=0x000000dadc0fed40
Event: 46614.284 Thread 0x00000264c24eb210 DEOPT UNPACKING pc=0x00000264ad2f1782 sp=0x000000dadc0fecc8 mode 2

Classes loaded (20 events):
Event: 1.036 Loading class java/awt/Toolkit$SelectiveAWTEventListener
Event: 1.036 Loading class java/awt/Toolkit$SelectiveAWTEventListener done
Event: 1.036 Loading class java/awt/Toolkit$ToolkitEventMulticaster
Event: 1.036 Loading class java/awt/Toolkit$ToolkitEventMulticaster done
Event: 46614.230 Loading class java/util/WeakHashMap$KeyIterator
Event: 46614.230 Loading class java/util/WeakHashMap$HashIterator
Event: 46614.230 Loading class java/util/WeakHashMap$HashIterator done
Event: 46614.230 Loading class java/util/WeakHashMap$KeyIterator done
Event: 46614.230 Loading class javax/swing/RepaintManager$DisplayChangedRunnable
Event: 46614.230 Loading class javax/swing/RepaintManager$DisplayChangedRunnable done
Event: 46614.231 Loading class java/awt/IllegalComponentStateException
Event: 46614.231 Loading class java/awt/IllegalComponentStateException done
Event: 46614.231 Loading class java/lang/Throwable$WrappedPrintStream
Event: 46614.231 Loading class java/lang/Throwable$PrintStreamOrWriter
Event: 46614.231 Loading class java/lang/Throwable$PrintStreamOrWriter done
Event: 46614.231 Loading class java/lang/Throwable$WrappedPrintStream done
Event: 46614.232 Loading class java/lang/StackTraceElement$HashedModules
Event: 46614.232 Loading class java/lang/StackTraceElement$HashedModules done
Event: 46614.234 Loading class java/awt/AWTError
Event: 46614.234 Loading class java/awt/AWTError done

Classes unloaded (0 events):
No events

Classes redefined (0 events):
No events

Internal exceptions (20 events):
Event: 0.113 Thread 0x000002649afa2f80 Exception <a 'java/lang/NoSuchMethodError'{0x0000000714b68628}: 'long java.lang.invoke.DirectMethodHandle$Holder.invokeStaticInit(java.lang.Object, java.lang.Object)'> (0x0000000714b68628) 
thrown [s\open\src\hotspot\share\interpreter\linkResolver.cpp, line 804]
Event: 0.113 Thread 0x000002649afa2f80 Exception <a 'java/lang/NoSuchMethodError'{0x0000000714b70d00}: 'java.lang.Object java.lang.invoke.DirectMethodHandle$Holder.invokeStatic(java.lang.Object, long, java.lang.Object)'> (0x0000000714b70d00) 
thrown [s\open\src\hotspot\share\interpreter\linkResolver.cpp, line 804]
Event: 0.113 Thread 0x000002649afa2f80 Exception <a 'java/lang/NoSuchMethodError'{0x0000000714b78e50}: 'java.lang.Object java.lang.invoke.DirectMethodHandle$Holder.invokeStaticInit(java.lang.Object, long, java.lang.Object)'> (0x0000000714b78e50) 
thrown [s\open\src\hotspot\share\interpreter\linkResolver.cpp, line 804]
Event: 0.113 Thread 0x000002649afa2f80 Exception <a 'java/lang/NoSuchMethodError'{0x0000000714b81660}: 'java.lang.Object java.lang.invoke.DirectMethodHandle$Holder.invokeStaticInit(java.lang.Object, long)'> (0x0000000714b81660) 
thrown [s\open\src\hotspot\share\interpreter\linkResolver.cpp, line 804]
Event: 0.117 Thread 0x000002649afa2f80 Exception <a 'java/lang/NoSuchMethodError'{0x0000000714baa4e0}: 'long java.lang.invoke.DirectMethodHandle$Holder.invokeStaticInit(java.lang.Object, long, long, long, long)'> (0x0000000714baa4e0) 
thrown [s\open\src\hotspot\share\interpreter\linkResolver.cpp, line 804]
Event: 0.117 Thread 0x000002649afa2f80 Exception <a 'java/lang/NoSuchMethodError'{0x0000000714bb2f40}: 'java.lang.Object java.lang.invoke.DirectMethodHandle$Holder.invokeInterface(java.lang.Object, java.lang.Object, long, long)'> (0x0000000714bb2f40) 
thrown [s\open\src\hotspot\share\interpreter\linkResolver.cpp, line 804]
Event: 0.118 Thread 0x000002649afa2f80 Exception <a 'java/lang/NoSuchMethodError'{0x0000000714bcb8e8}: 'void java.lang.invoke.DirectMethodHandle$Holder.invokeStaticInit(java.lang.Object, java.lang.Object, long, java.lang.Object)'> (0x0000000714bcb8e8) 
thrown [s\open\src\hotspot\share\interpreter\linkResolver.cpp, line 804]
Event: 0.118 Thread 0x000002649afa2f80 Exception <a 'java/lang/NoSuchMethodError'{0x0000000714bd4520}: 'long java.lang.invoke.DirectMethodHandle$Holder.invokeStatic(java.lang.Object, long, long)'> (0x0000000714bd4520) 
thrown [s\open\src\hotspot\share\interpreter\linkResolver.cpp, line 804]
Event: 0.119 Thread 0x000002649afa2f80 Exception <a 'java/lang/NoSuchMethodError'{0x0000000714bfa8b8}: 'java.lang.Object java.lang.invoke.DirectMethodHandle$Holder.newInvokeSpecial(java.lang.Object, int, java.lang.Object)'> (0x0000000714bfa8b8) 
thrown [s\open\src\hotspot\share\interpreter\linkResolver.cpp, line 804]
Event: 0.148 Thread 0x000002649afa2f80 Exception <a 'java/lang/NoSuchMethodError'{0x0000000714899f60}: 'float java.lang.invoke.DelegatingMethodHandle$Holder.reinvoke_L(java.lang.Object, java.lang.Object, java.lang.Object, long)'> (0x0000000714899f60) 
thrown [s\open\src\hotspot\share\interpreter\linkResolver.cpp, line 804]
Event: 0.150 Thread 0x000002649afa2f80 Exception <a 'java/lang/NoSuchMethodError'{0x00000007148b2190}: 'java.lang.Object java.lang.invoke.DirectMethodHandle$Holder.invokeStatic(java.lang.Object, java.lang.Object, java.lang.Object, java.lang.Object, long)'> (0x00000007148b2190) 
thrown [s\open\src\hotspot\share\interpreter\linkResolver.cpp, line 804]
Event: 0.163 Thread 0x000002649afa2f80 Exception <a 'java/lang/NoSuchMethodError'{0x0000000714621de8}: 'void java.lang.invoke.DirectMethodHandle$Holder.invokeSpecial(java.lang.Object, java.lang.Object, java.lang.Object)'> (0x0000000714621de8) 
thrown [s\open\src\hotspot\share\interpreter\linkResolver.cpp, line 804]
Event: 0.168 Thread 0x000002649afa2f80 Exception <a 'java/lang/NoSuchMethodError'{0x0000000714691058}: 'java.lang.Object java.lang.invoke.DirectMethodHandle$Holder.newInvokeSpecial(java.lang.Object, java.lang.Object, java.lang.Object, java.lang.Object, java.lang.Object)'> (0x0000000714691058) 
thrown [s\open\src\hotspot\share\interpreter\linkResolver.cpp, line 804]
Event: 0.170 Thread 0x000002649afa2f80 Exception <a 'java/lang/NoSuchMethodError'{0x00000007147f1ea8}: 'java.lang.Object java.lang.invoke.DirectMethodHandle$Holder.invokeStatic(java.lang.Object, int, java.lang.Object)'> (0x00000007147f1ea8) 
thrown [s\open\src\hotspot\share\interpreter\linkResolver.cpp, line 804]
Event: 0.182 Thread 0x000002649afa2f80 Exception <a 'java/lang/ClassNotFoundException'{0x000000071421f098}: com/sun/swing/internal/plaf/metal/resources/spi/metalProvider> (0x000000071421f098) 
thrown [s\open\src\hotspot\share\classfile\systemDictionary.cpp, line 327]
Event: 0.183 Thread 0x000002649afa2f80 Exception <a 'java/lang/ClassNotFoundException'{0x0000000714222e08}: com/sun/swing/internal/plaf/basic/resources/spi/basicProvider> (0x0000000714222e08) 
thrown [s\open\src\hotspot\share\classfile\systemDictionary.cpp, line 327]
Event: 0.187 Thread 0x000002649afa2f80 Exception <a 'java/lang/NoSuchMethodError'{0x000000071424c148}: 'int java.lang.invoke.Invokers$Holder.invokeExact_MT(java.lang.Object, java.lang.Object)'> (0x000000071424c148) 
thrown [s\open\src\hotspot\share\interpreter\linkResolver.cpp, line 804]
Event: 0.194 Thread 0x000002649afa2f80 Exception <a 'java/lang/ArrayIndexOutOfBoundsException'{0x00000007142765a8}: Index -1 out of bounds for length 30> (0x00000007142765a8) 
thrown [s\open\src\hotspot\share\interpreter\interpreterRuntime.cpp, line 420]
Event: 0.198 Thread 0x00000264c21a5510 Exception <a 'java/lang/NoSuchMethodError'{0x0000000714912438}: 'void java.lang.invoke.DirectMethodHandle$Holder.invokeVirtual(java.lang.Object, java.lang.Object)'> (0x0000000714912438) 
thrown [s\open\src\hotspot\share\interpreter\linkResolver.cpp, line 804]
Event: 0.205 Thread 0x00000264c24eb210 Exception <a 'java/lang/NoSuchMethodError'{0x00000007147201f0}: 'void java.lang.invoke.DirectMethodHandle$Holder.invokeStaticInit(java.lang.Object)'> (0x00000007147201f0) 
thrown [s\open\src\hotspot\share\interpreter\linkResolver.cpp, line 804]

VM Operations (10 events):
Event: 0.100 Executing non-safepoint VM operation: HandshakeAllThreads (Deoptimize)
Event: 0.100 Executing non-safepoint VM operation: HandshakeAllThreads (Deoptimize) done
Event: 0.103 Executing non-safepoint VM operation: HandshakeAllThreads (Deoptimize)
Event: 0.103 Executing non-safepoint VM operation: HandshakeAllThreads (Deoptimize) done
Event: 0.234 Executing non-safepoint VM operation: HandshakeAllThreads (Deoptimize)
Event: 0.234 Executing non-safepoint VM operation: HandshakeAllThreads (Deoptimize) done
Event: 60.125 Executing non-safepoint VM operation: HandshakeAllThreads (HandshakeForDeflation)
Event: 60.126 Executing non-safepoint VM operation: HandshakeAllThreads (HandshakeForDeflation) done
Event: 60.126 Executing non-safepoint VM operation: RendezvousGCThreads
Event: 60.126 Executing non-safepoint VM operation: RendezvousGCThreads done

Memory protections (0 events):
No events

Nmethod flushes (0 events):
No events

Events (20 events):
Event: 1.036 Thread 0x00000264bdbe4bd0 Thread exited: 0x00000264bdbe4bd0
Event: 1.036 Thread 0x00000264bdb8ca80 Thread exited: 0x00000264bdb8ca80
Event: 1.675 Thread 0x00000264bdb8c270 Thread exited: 0x00000264bdb8c270
Event: 4.225 Thread 0x00000264bdb67a40 Thread exited: 0x00000264bdb67a40
Event: 62.826 Thread 0x00000264bd4ffbf0 Thread added: 0x00000264bdca2b40
Event: 69.325 Thread 0x00000264bdca2b40 Thread exited: 0x00000264bdca2b40
Event: 71.334 Thread 0x00000264bd4ffbf0 Thread added: 0x00000264bdca2b40
Event: 73.337 Thread 0x00000264bdca2b40 Thread exited: 0x00000264bdca2b40
Event: 191.514 Thread 0x00000264bd4ffbf0 Thread added: 0x00000264bdc41150
Event: 191.514 Thread 0x00000264bd4ffbf0 Thread added: 0x00000264bdc41960
Event: 191.514 Thread 0x00000264bd4ffbf0 Thread added: 0x00000264bdc42170
Event: 196.001 Thread 0x00000264bdc42170 Thread exited: 0x00000264bdc42170
Event: 196.001 Thread 0x00000264bdc41960 Thread exited: 0x00000264bdc41960
Event: 201.001 Thread 0x00000264bdc41150 Thread exited: 0x00000264bdc41150
Event: 255.611 Thread 0x00000264bd4ffbf0 Thread added: 0x00000264c259d230
Event: 255.611 Thread 0x00000264bd4ffbf0 Thread added: 0x00000264c259e250
Event: 255.611 Thread 0x00000264bd4ffbf0 Thread added: 0x00000264c259ea60
Event: 260.614 Thread 0x00000264c259ea60 Thread exited: 0x00000264c259ea60
Event: 260.614 Thread 0x00000264c259e250 Thread exited: 0x00000264c259e250
Event: 262.121 Thread 0x00000264c259d230 Thread exited: 0x00000264c259d230


Dynamic libraries:
0x00007ff640260000 - 0x00007ff64026e000 	C:\Users\tunce\.jdks\openjdk-25.0.2\bin\java.exe
0x00007ff981a00000 - 0x00007ff981c68000 	C:\WINDOWS\SYSTEM32\ntdll.dll
0x00007ff97f830000 - 0x00007ff97f8f9000 	C:\WINDOWS\System32\KERNEL32.DLL
0x00007ff97e450000 - 0x00007ff97e841000 	C:\WINDOWS\System32\KERNELBASE.dll
0x00007ff97e850000 - 0x00007ff97e99b000 	C:\WINDOWS\System32\ucrtbase.dll
0x00007ff956050000 - 0x00007ff956067000 	C:\Users\tunce\.jdks\openjdk-25.0.2\bin\jli.dll
0x00007ff956030000 - 0x00007ff95604e000 	C:\Users\tunce\.jdks\openjdk-25.0.2\bin\VCRUNTIME140.dll
0x00007ff97fcb0000 - 0x00007ff97fe76000 	C:\WINDOWS\System32\USER32.dll
0x00007ff97f770000 - 0x00007ff97f797000 	C:\WINDOWS\System32\win32u.dll
0x00007ff961120000 - 0x00007ff9613b3000 	C:\WINDOWS\WinSxS\amd64_microsoft.windows.common-controls_6595b64144ccf1df_6.0.26100.7824_none_3e0870b2e3345462\COMCTL32.dll
0x00007ff97f7b0000 - 0x00007ff97f7db000 	C:\WINDOWS\System32\GDI32.dll
0x00007ff981910000 - 0x00007ff9819b9000 	C:\WINDOWS\System32\msvcrt.dll
0x00007ff97f440000 - 0x00007ff97f56b000 	C:\WINDOWS\System32\gdi32full.dll
0x00007ff97e2e0000 - 0x00007ff97e383000 	C:\WINDOWS\System32\msvcp_win.dll
0x00007ff97f7f0000 - 0x00007ff97f821000 	C:\WINDOWS\System32\IMM32.DLL
0x00007ff967530000 - 0x00007ff96753c000 	C:\Users\tunce\.jdks\openjdk-25.0.2\bin\vcruntime140_1.dll
0x00007ff91ab80000 - 0x00007ff91ac0d000 	C:\Users\tunce\.jdks\openjdk-25.0.2\bin\msvcp140.dll
0x00007ff8dddf0000 - 0x00007ff8dec4f000 	C:\Users\tunce\.jdks\openjdk-25.0.2\bin\server\jvm.dll
0x00007ff9805f0000 - 0x00007ff9806a4000 	C:\WINDOWS\System32\ADVAPI32.dll
0x00007ff9806b0000 - 0x00007ff980756000 	C:\WINDOWS\System32\sechost.dll
0x00007ff9804c0000 - 0x00007ff9805d8000 	C:\WINDOWS\System32\RPCRT4.dll
0x00007ff980360000 - 0x00007ff9803d4000 	C:\WINDOWS\System32\WS2_32.dll
0x00007ff97daf0000 - 0x00007ff97db4e000 	C:\WINDOWS\SYSTEM32\POWRPROF.dll
0x00007ff973d30000 - 0x00007ff973d3b000 	C:\WINDOWS\SYSTEM32\VERSION.dll
0x00007ff974230000 - 0x00007ff974265000 	C:\WINDOWS\SYSTEM32\WINMM.dll
0x00007ff97dad0000 - 0x00007ff97dae4000 	C:\WINDOWS\SYSTEM32\UMPDC.dll
0x00007ff97d080000 - 0x00007ff97d09b000 	C:\WINDOWS\SYSTEM32\kernel.appcore.dll
0x00007ff965360000 - 0x00007ff96536a000 	C:\Users\tunce\.jdks\openjdk-25.0.2\bin\jimage.dll
0x00007ff97be70000 - 0x00007ff97c0b2000 	C:\WINDOWS\SYSTEM32\DBGHELP.DLL
0x00007ff97fe80000 - 0x00007ff980206000 	C:\WINDOWS\System32\combase.dll
0x00007ff9803e0000 - 0x00007ff9804b7000 	C:\WINDOWS\System32\OLEAUT32.dll
0x00007ff959680000 - 0x00007ff9596bb000 	C:\WINDOWS\SYSTEM32\dbgcore.DLL
0x00007ff97eb20000 - 0x00007ff97ebc5000 	C:\WINDOWS\System32\bcryptPrimitives.dll
0x00007ff948770000 - 0x00007ff948780000 	C:\Users\tunce\.jdks\openjdk-25.0.2\bin\instrument.dll
0x00007ff938940000 - 0x00007ff93895f000 	C:\Users\tunce\.jdks\openjdk-25.0.2\bin\java.dll
0x00007ff981280000 - 0x00007ff981417000 	C:\WINDOWS\System32\ole32.dll
0x00007ff980a60000 - 0x00007ff9811b2000 	C:\WINDOWS\System32\SHELL32.dll
0x00007ff97f570000 - 0x00007ff97f6da000 	C:\WINDOWS\System32\wintypes.dll
0x00007ff97ebd0000 - 0x00007ff97f433000 	C:\WINDOWS\System32\windows.storage.dll
0x00007ff980950000 - 0x00007ff980a46000 	C:\WINDOWS\System32\SHCORE.dll
0x00007ff97fa40000 - 0x00007ff97faa7000 	C:\WINDOWS\System32\shlwapi.dll
0x00007ff97e200000 - 0x00007ff97e229000 	C:\WINDOWS\SYSTEM32\profapi.dll
0x00007ff9387f0000 - 0x00007ff938807000 	C:\Users\tunce\.jdks\openjdk-25.0.2\bin\zip.dll
0x00007ff92ec10000 - 0x00007ff92ec22000 	C:\Users\tunce\.jdks\openjdk-25.0.2\bin\net.dll
0x00007ff97d5f0000 - 0x00007ff97d65b000 	C:\WINDOWS\system32\mswsock.dll
0x00007ff92ebc0000 - 0x00007ff92ebd6000 	C:\Users\tunce\.jdks\openjdk-25.0.2\bin\nio.dll
0x00007ff948730000 - 0x00007ff948739000 	C:\Users\tunce\.jdks\openjdk-25.0.2\bin\extnet.dll
0x00007ff919730000 - 0x00007ff9198b3000 	C:\Users\tunce\.jdks\openjdk-25.0.2\bin\awt.dll
0x00007ff978fb0000 - 0x00007ff97904e000 	C:\WINDOWS\SYSTEM32\apphelp.dll
0x00007ff91aa40000 - 0x00007ff91aac7000 	C:\Users\tunce\.jdks\openjdk-25.0.2\bin\freetype.dll
0x00007ff9194b0000 - 0x00007ff91959e000 	C:\Users\tunce\.jdks\openjdk-25.0.2\bin\fontmanager.dll
0x00007ff97bc40000 - 0x00007ff97bc71000 	C:\WINDOWS\system32\DWMAPI.DLL
0x00007ff97b770000 - 0x00007ff97b81b000 	C:\WINDOWS\system32\uxtheme.dll
0x00007ff91a910000 - 0x00007ff91aa20000 	C:\WINDOWS\system32\opengl32.dll
0x00007ff964ca0000 - 0x00007ff964ccd000 	C:\WINDOWS\SYSTEM32\GLU32.dll
0x00007ff97ba90000 - 0x00007ff97bad4000 	C:\WINDOWS\SYSTEM32\dxcore.dll
0x00007ff980760000 - 0x00007ff9808bf000 	C:\WINDOWS\System32\MSCTF.dll
0x00007ff9651d0000 - 0x00007ff965319000 	C:\WINDOWS\SYSTEM32\textinputframework.dll
0x00007ff978a00000 - 0x00007ff978b27000 	C:\WINDOWS\SYSTEM32\CoreMessaging.dll
0x00007ff973de0000 - 0x00007ff9740c2000 	C:\WINDOWS\SYSTEM32\CoreUIComponents.dll
0x00007ff97d8e0000 - 0x00007ff97d8ec000 	C:\WINDOWS\SYSTEM32\CRYPTBASE.DLL

JVMTI agents:
C:\Program Files\JetBrains\IntelliJ IDEA 2025.3.2\lib\idea_rt.jar path:C:\Users\tunce\.jdks\openjdk-25.0.2\bin\instrument.dll, loaded, initialized, instrumentlib options:51708

dbghelp: loaded successfully - version: 4.0.5 - missing functions: none
symbol engine: initialized successfully - sym options: 0x614 - pdb path: .;C:\Users\tunce\.jdks\openjdk-25.0.2\bin;C:\WINDOWS\SYSTEM32;C:\WINDOWS\WinSxS\amd64_microsoft.windows.common-controls_6595b64144ccf1df_6.0.26100.7824_none_3e0870b2e3345462;C:\Users\tunce\.jdks\openjdk-25.0.2\bin\server

VM Arguments:
jvm_args: -javaagent:C:\Program Files\JetBrains\IntelliJ IDEA 2025.3.2\lib\idea_rt.jar=51708 -Dfile.encoding=UTF-8 -Dsun.stdout.encoding=UTF-8 -Dsun.stderr.encoding=UTF-8 
java_command: Main
java_class_path (initial): C:\Users\tunce\IdeaProjects\pblTwin\out\production\pblTwin;C:\Users\tunce\Downloads\Enigma-Edited2.jar
Launcher Type: SUN_STANDARD

[Global flags]
     intx CICompilerCount                          = 12                                        {product} {ergonomic}
     uint ConcGCThreads                            = 4                                         {product} {ergonomic}
     uint G1ConcRefinementThreads                  = 15                                        {product} {ergonomic}
   size_t G1HeapRegionSize                         = 2097152                                   {product} {ergonomic}
   size_t InitialHeapSize                          = 264241152                                 {product} {ergonomic}
   size_t MarkStackSize                            = 4194304                                   {product} {ergonomic}
   size_t MarkStackSizeMax                         = 536870912                                 {product} {ergonomic}
   size_t MaxHeapSize                              = 4206886912                                {product} {ergonomic}
   size_t MaxNewSize                               = 2522873856                                {product} {ergonomic}
   size_t MinHeapDeltaBytes                        = 2097152                                   {product} {ergonomic}
   size_t MinHeapSize                              = 8388608                                   {product} {ergonomic}
    uintx NonNMethodCodeHeapSize                   = 7602176                                {pd product} {ergonomic}
    uintx NonProfiledCodeHeapSize                  = 122093568                              {pd product} {ergonomic}
    uintx ProfiledCodeHeapSize                     = 121962496                              {pd product} {ergonomic}
    uintx ReservedCodeCacheSize                    = 251658240                              {pd product} {ergonomic}
     bool SegmentedCodeCache                       = true                                      {product} {ergonomic}
   size_t SoftMaxHeapSize                          = 4206886912                             {manageable} {ergonomic}
     bool UseCompressedOops                        = true                           {product lp64_product} {ergonomic}
     bool UseG1GC                                  = true                                      {product} {ergonomic}
     bool UseLargePagesIndividualAllocation        = false                                  {pd product} {ergonomic}

Logging:
Log output configuration:
 #0: stdout all=warning uptime,level,tags foldmultilines=false
 #1: stderr all=off uptime,level,tags foldmultilines=false

Release file:
IMPLEMENTOR="Oracle Corporation" 
JAVA_RUNTIME_VERSION="25.0.2+10-69" 
JAVA_VERSION="25.0.2" 
JAVA_VERSION_DATE="2026-01-20" 
LIBC="default" 
MODULES="java.base java.compiler java.datatransfer java.xml java.prefs java.desktop java.instrument java.logging java.management java.security.sasl java.naming java.rmi java.management.rmi java.net.http java.scripting java.security.jgss java.transaction.xa java.sql java.sql.rowset java.xml.crypto java.se java.smartcardio jdk.accessibility jdk.internal.jvmstat jdk.attach jdk.charsets jdk.internal.opt jdk.zipfs jdk.compiler jdk.crypto.cryptoki jdk.crypto.ec jdk.crypto.mscapi jdk.dynalink jdk.internal.ed jdk.editpad jdk.internal.vm.ci jdk.graal.compiler jdk.graal.compiler.management jdk.hotspot.agent jdk.httpserver jdk.incubator.vector jdk.internal.le jdk.internal.md jdk.jartool jdk.javadoc jdk.jcmd jdk.management jdk.management.agent jdk.jconsole jdk.jdeps jdk.jdwp.agent jdk.jdi jdk.jfr jdk.jlink jdk.jpackage jdk.jshell jdk.jsobject jdk.jstatd jdk.localedata jdk.management.jfr jdk.naming.dns jdk.naming.rmi jdk.net jdk.nio.mapmode jdk.sctp jdk.security.auth jdk.security.jgss jdk.unsupported jdk.unsupported.desktop jdk.xml.dom" 
OS_ARCH="x86_64" 
OS_NAME="Windows" 
SOURCE=".:git:405a5699ebd0" 

Environment Variables:
PATH=C:\WINDOWS\system32;C:\WINDOWS;C:\WINDOWS\System32\Wbem;C:\WINDOWS\System32\WindowsPowerShell\v1.0\;C:\WINDOWS\System32\OpenSSH\;C:\Program Files\dotnet\;C:\Program Files\Git\cmd;C:\Program Files\NVIDIA Corporation\NVIDIA App\NvDLISR;C:\Program Files (x86)\NVIDIA Corporation\PhysX\Common;C:\Users\tunce\AppData\Local\Programs\Python\Python311\Scripts\;C:\Users\tunce\AppData\Local\Programs\Python\Python311\;C:\Users\tunce\AppData\Local\Programs\Python\Python314\Scripts\;C:\Users\tunce\AppData\Local\Programs\Python\Python314\;C:\Users\tunce\AppData\Local\Programs\Python\Launcher\;C:\Users\tunce\AppData\Local\Microsoft\WindowsApps;C:\Users\tunce\.dotnet\tools;C:\Users\tunce\AppData\Local\Programs\Microsoft VS Code\bin;C:\msys64\ucrt64\bin;C:\Users\tunce\AppData\Local\gitkraken\bin;C:\Program Files\JetBrains\IntelliJ IDEA 2025.3.2\bin
USERNAME=tunce
OS=Windows_NT
PROCESSOR_IDENTIFIER=Intel64 Family 6 Model 183 Stepping 1, GenuineIntel
TMP=C:\Users\tunce\AppData\Local\Temp
TEMP=C:\Users\tunce\AppData\Local\Temp




Compilation memory statistics disabled.

Periodic native trim disabled

---------------  S Y S T E M  ---------------

OS:
 Windows 11 , 64 bit Build 26100 (10.0.26100.7705)
OS uptime: 2 days 20:18 hours
Hyper-V role detected

CPU: total 20 (initial active 20) (10 cores per cpu, 2 threads per core) family 6 model 183 stepping 1 microcode 0x120, cx8, cmov, fxsr, ht, mmx, 3dnowpref, sse, sse2, sse3, ssse3, sse4.1, sse4.2, popcnt, lzcnt, tsc, tscinvbit, avx, avx2, aes, erms, clmul, bmi1, bmi2, adx, sha, fma, vzeroupper, clflush, clflushopt, clwb, hv, serialize, rdtscp, rdpid, fsrm, gfni, f16c, cet_ibt, cet_ss
Processor Information for processor 0
  Max Mhz: 2600, Current Mhz: 2600, Mhz Limit: 2600
Processor Information for processor 1
  Max Mhz: 2600, Current Mhz: 2600, Mhz Limit: 2600
Processor Information for processor 2
  Max Mhz: 2600, Current Mhz: 2600, Mhz Limit: 2600
Processor Information for processor 3
  Max Mhz: 2600, Current Mhz: 2600, Mhz Limit: 2600
Processor Information for processor 4
  Max Mhz: 2600, Current Mhz: 2600, Mhz Limit: 2600
Processor Information for processor 5
  Max Mhz: 2600, Current Mhz: 2600, Mhz Limit: 2600
Processor Information for processor 6
  Max Mhz: 2600, Current Mhz: 2600, Mhz Limit: 2600
Processor Information for processor 7
  Max Mhz: 2600, Current Mhz: 2600, Mhz Limit: 2600
Processor Information for processor 8
  Max Mhz: 2600, Current Mhz: 2600, Mhz Limit: 2600
Processor Information for processor 9
  Max Mhz: 2600, Current Mhz: 2600, Mhz Limit: 2600
Processor Information for processor 10
  Max Mhz: 2600, Current Mhz: 2600, Mhz Limit: 2600
Processor Information for processor 11
  Max Mhz: 2600, Current Mhz: 2600, Mhz Limit: 2600
Processor Information for processor 12
  Max Mhz: 2600, Current Mhz: 1900, Mhz Limit: 1898
Processor Information for processor 13
  Max Mhz: 2600, Current Mhz: 1900, Mhz Limit: 1898
Processor Information for processor 14
  Max Mhz: 2600, Current Mhz: 1900, Mhz Limit: 1898
Processor Information for processor 15
  Max Mhz: 2600, Current Mhz: 1900, Mhz Limit: 1898
Processor Information for processor 16
  Max Mhz: 2600, Current Mhz: 1900, Mhz Limit: 1898
Processor Information for processor 17
  Max Mhz: 2600, Current Mhz: 1900, Mhz Limit: 1898
Processor Information for processor 18
  Max Mhz: 2600, Current Mhz: 1900, Mhz Limit: 1898
Processor Information for processor 19
  Max Mhz: 2600, Current Mhz: 1900, Mhz Limit: 1898

Memory: 4k page, system-wide physical 16047M (3196M free)
TotalPageFile size 25775M (AvailPageFile size 8836M)
current process WorkingSet (physical memory assigned to process): 86M, peak: 86M
current process commit charge ("private bytes"): 369M, peak: 378M

vm_info: OpenJDK 64-Bit Server VM (25.0.2+10-69) for windows-amd64 JRE (25.0.2+10-69), built on 2025-12-18T11:36:35Z with MS VC++ 17.13 (VS2022)

END.
